#
# There is insufficient memory for the Java Runtime Environment to continue.
# Native memory allocation (malloc) failed to allocate 829776 bytes for Chunk::new
# Possible reasons:
#   The system is out of physical RAM or swap space
#   The process is running with CompressedOops enabled, and the Java Heap may be blocking the growth of the native heap
# Possible solutions:
#   Reduce memory load on the system
#   Increase physical memory or swap space
#   Check if swap backing store is full
#   Decrease Java heap size (-Xmx/-Xms)
#   Decrease number of Java threads
#   Decrease Java thread stack sizes (-Xss)
#   Set larger code cache with -XX:ReservedCodeCacheSize=
#   JVM is running with Unscaled Compressed Oops mode in which the Java heap is
#     placed in the first 4GB address space. The Java Heap base address is the
#     maximum limit for the native heap growth. Please use -XX:HeapBaseMinAddress
#     to set the Java Heap base and to place the Java Heap above 4GB virtual address.
# This output file may be truncated or incomplete.
#
#  Out of Memory Error (arena.cpp:189), pid=24020, tid=25244
#
# JRE version: Java(TM) SE Runtime Environment (17.0.12+8) (build 17.0.12+8-LTS-286)
# Java VM: Java HotSpot(TM) 64-Bit Server VM (17.0.12+8-LTS-286, mixed mode, sharing, tiered, compressed oops, compressed class ptrs, g1 gc, windows-amd64)
# No core dump will be written. Minidumps are not enabled by default on client versions of Windows
#

---------------  S U M M A R Y ------------

Command Line: --add-opens=java.base/java.lang=ALL-UNNAMED --add-opens=java.base/java.lang.invoke=ALL-UNNAMED --add-opens=java.base/java.util=ALL-UNNAMED --add-opens=java.prefs/java.util.prefs=ALL-UNNAMED --add-exports=jdk.compiler/com.sun.tools.javac.api=ALL-UNNAMED --add-exports=jdk.compiler/com.sun.tools.javac.util=ALL-UNNAMED --add-opens=java.base/java.util=ALL-UNNAMED --add-opens=java.prefs/java.util.prefs=ALL-UNNAMED --add-opens=java.base/java.nio.charset=ALL-UNNAMED --add-opens=java.base/java.net=ALL-UNNAMED --add-opens=java.base/java.util.concurrent.atomic=ALL-UNNAMED --add-opens=java.xml/javax.xml.namespace=ALL-UNNAMED -XX:MaxMetaspaceSize=512m -Xmx2048m -Dfile.encoding=windows-1252 -Duser.country=US -Duser.language=en -Duser.variant -javaagent:C:\Users\INTEL\.gradle\wrapper\dists\gradle-8.13-bin\5xuhj0ry160q40clulazy9h7d\gradle-8.13\lib\agents\gradle-instrumentation-agent-8.13.jar org.gradle.launcher.daemon.bootstrap.GradleDaemon 8.13

Host: Intel(R) Core(TM) i5-9600K CPU @ 3.70GHz, 6 cores, 15G,  Windows 11 , 64 bit Build 22621 (10.0.22621.3958)
Time: Thu May  1 20:49:25 2025 SE Asia Standard Time elapsed time: 45.286327 seconds (0d 0h 0m 45s)

---------------  T H R E A D  ---------------

Current thread (0x000001ef6d993b90):  JavaThread "C2 CompilerThread0" daemon [_thread_in_native, id=25244, stack(0x0000000283300000,0x0000000283400000)]


Current CompileTask:
C2:  45286 13594       4       org.gradle.cache.internal.btree.FreeListBlockStore::write (16 bytes)

Stack: [0x0000000283300000,0x0000000283400000]
Native frames: (J=compiled Java code, j=interpreted, Vv=VM code, C=native code)
V  [jvm.dll+0x67a04a]
V  [jvm.dll+0x7da4ed]
V  [jvm.dll+0x7dbe33]
V  [jvm.dll+0x7dc4a3]
V  [jvm.dll+0x24508f]
V  [jvm.dll+0xab773]
V  [jvm.dll+0xabd3c]
V  [jvm.dll+0x361b9f]
V  [jvm.dll+0x32c431]
V  [jvm.dll+0x32b8ca]
V  [jvm.dll+0x21683f]
V  [jvm.dll+0x215c6f]
V  [jvm.dll+0x1a2960]
V  [jvm.dll+0x22610b]
V  [jvm.dll+0x2242ab]
V  [jvm.dll+0x79075c]
V  [jvm.dll+0x78abea]
V  [jvm.dll+0x678f35]
C  [ucrtbase.dll+0x29333]
C  [KERNEL32.DLL+0x1257d]
C  [ntdll.dll+0x5af08]


---------------  P R O C E S S  ---------------

Threads class SMR info:
_java_thread_list=0x000001ef7caa91f0, length=119, elements={
0x000001ef4fb7e640, 0x000001ef6d9790d0, 0x000001ef6d979ba0, 0x000001ef6d990460,
0x000001ef6d990d30, 0x000001ef6d992610, 0x000001ef6d992ee0, 0x000001ef6d993b90,
0x000001ef6d996560, 0x000001ef6d9ae520, 0x000001ef6db92690, 0x000001ef6dc55470,
0x000001ef721b7170, 0x000001ef722e5050, 0x000001ef7328d070, 0x000001ef722e4b00,
0x000001ef739012d0, 0x000001ef73922250, 0x000001ef73923ba0, 0x000001ef739254f0,
0x000001ef739240b0, 0x000001ef739245c0, 0x000001ef73921d40, 0x000001ef73924fe0,
0x000001ef73922c70, 0x000001ef73922760, 0x000001ef73923180, 0x000001ef73923690,
0x000001ef74c347b0, 0x000001ef74c32e60, 0x000001ef74c32440, 0x000001ef74c31f30,
0x000001ef74c32950, 0x000001ef74c31a20, 0x000001ef74c356e0, 0x000001ef74c33880,
0x000001ef74c37540, 0x000001ef74c33d90, 0x000001ef74c36b20, 0x000001ef74c300d0,
0x000001ef74c342a0, 0x000001ef74c37a50, 0x000001ef74c305e0, 0x000001ef74c351d0,
0x000001ef74c35bf0, 0x000001ef74c31510, 0x000001ef74c36610, 0x000001ef74c37030,
0x000001ef74c30af0, 0x000001ef74c31000, 0x000001ef741c51a0, 0x000001ef741c56b0,
0x000001ef741c3d60, 0x000001ef741c65e0, 0x000001ef741c3850, 0x000001ef741c4270,
0x000001ef741c5bc0, 0x000001ef741c3340, 0x000001ef741c7000, 0x000001ef741c4780,
0x000001ef741c4c90, 0x000001ef741c0ac0, 0x000001ef741c7a20, 0x000001ef741c19f0,
0x000001ef741c6af0, 0x000001ef741c7510, 0x000001ef741c2e30, 0x000001ef741c05b0,
0x000001ef741c7f30, 0x000001ef741c2920, 0x000001ef741c0fd0, 0x000001ef741c14e0,
0x000001ef741c1f00, 0x000001ef741c2410, 0x000001ef72d39810, 0x000001ef72d3bb80,
0x000001ef72d39300, 0x000001ef72d383d0, 0x000001ef72d36060, 0x000001ef72d388e0,
0x000001ef72d3b160, 0x000001ef72d3c090, 0x000001ef72d39d20, 0x000001ef72d379b0,
0x000001ef72d3a740, 0x000001ef72d3cab0, 0x000001ef72d36570, 0x000001ef72d38df0,
0x000001ef72d36a80, 0x000001ef72d3a230, 0x000001ef72d3ac50, 0x000001ef72d3b670,
0x000001ef72d37ec0, 0x000001ef72d3c5a0, 0x000001ef72d3cfc0, 0x000001ef72d36f90,
0x000001ef72d3d4d0, 0x000001ef72d3d9e0, 0x000001ef72d374a0, 0x000001ef76aead30,
0x000001ef76aeb240, 0x000001ef76aea310, 0x000001ef76aedfd0, 0x000001ef76ae7fa0,
0x000001ef76ae89c0, 0x000001ef76ae8ed0, 0x000001ef76ae7a90, 0x000001ef76aec170,
0x000001ef76aebc60, 0x000001ef76aedac0, 0x000001ef76ae84b0, 0x000001ef76aee4e0,
0x000001ef76ae7580, 0x000001ef76aeb750, 0x000001ef76ae93e0, 0x000001ef76aed0a0,
0x000001ef76ae7070, 0x000001ef76aea820, 0x000001ef76aed5b0
}

Java Threads: ( => current thread )
  0x000001ef4fb7e640 JavaThread "main" [_thread_blocked, id=1564, stack(0x0000000282600000,0x0000000282700000)]
  0x000001ef6d9790d0 JavaThread "Reference Handler" daemon [_thread_blocked, id=11976, stack(0x0000000282d00000,0x0000000282e00000)]
  0x000001ef6d979ba0 JavaThread "Finalizer" daemon [_thread_blocked, id=10480, stack(0x0000000282e00000,0x0000000282f00000)]
  0x000001ef6d990460 JavaThread "Signal Dispatcher" daemon [_thread_blocked, id=11000, stack(0x0000000282f00000,0x0000000283000000)]
  0x000001ef6d990d30 JavaThread "Attach Listener" daemon [_thread_blocked, id=4976, stack(0x0000000283000000,0x0000000283100000)]
  0x000001ef6d992610 JavaThread "Service Thread" daemon [_thread_blocked, id=16008, stack(0x0000000283100000,0x0000000283200000)]
  0x000001ef6d992ee0 JavaThread "Monitor Deflation Thread" daemon [_thread_blocked, id=18084, stack(0x0000000283200000,0x0000000283300000)]
=>0x000001ef6d993b90 JavaThread "C2 CompilerThread0" daemon [_thread_in_native, id=25244, stack(0x0000000283300000,0x0000000283400000)]
  0x000001ef6d996560 JavaThread "C1 CompilerThread0" daemon [_thread_blocked, id=14720, stack(0x0000000283400000,0x0000000283500000)]
  0x000001ef6d9ae520 JavaThread "Sweeper thread" daemon [_thread_blocked, id=22412, stack(0x0000000283500000,0x0000000283600000)]
  0x000001ef6db92690 JavaThread "Common-Cleaner" daemon [_thread_blocked, id=4724, stack(0x0000000283600000,0x0000000283700000)]
  0x000001ef6dc55470 JavaThread "Notification Thread" daemon [_thread_blocked, id=16336, stack(0x0000000283700000,0x0000000283800000)]
  0x000001ef721b7170 JavaThread "Daemon health stats" [_thread_blocked, id=12988, stack(0x0000000284000000,0x0000000284100000)]
  0x000001ef722e5050 JavaThread "Incoming local TCP Connector on port 54286" [_thread_in_native, id=9592, stack(0x0000000283900000,0x0000000283a00000)]
  0x000001ef7328d070 JavaThread "Daemon periodic checks" [_thread_blocked, id=4524, stack(0x0000000284100000,0x0000000284200000)]
  0x000001ef722e4b00 JavaThread "Daemon" [_thread_blocked, id=16392, stack(0x0000000284200000,0x0000000284300000)]
  0x000001ef739012d0 JavaThread "Handler for socket connection from /127.0.0.1:54286 to /127.0.0.1:54287" [_thread_in_native, id=2596, stack(0x0000000284300000,0x0000000284400000)]
  0x000001ef73922250 JavaThread "Cancel handler" [_thread_blocked, id=25352, stack(0x0000000284400000,0x0000000284500000)]
  0x000001ef73923ba0 JavaThread "Daemon worker" [_thread_blocked, id=4812, stack(0x0000000284500000,0x0000000284600000)]
  0x000001ef739254f0 JavaThread "Asynchronous log dispatcher for DefaultDaemonConnection: socket connection from /127.0.0.1:54286 to /127.0.0.1:54287" [_thread_blocked, id=3556, stack(0x0000000284600000,0x0000000284700000)]
  0x000001ef739240b0 JavaThread "Stdin handler" [_thread_blocked, id=18268, stack(0x0000000284700000,0x0000000284800000)]
  0x000001ef739245c0 JavaThread "Daemon client event forwarder" [_thread_blocked, id=10432, stack(0x0000000284800000,0x0000000284900000)]
  0x000001ef73921d40 JavaThread "Cache worker for journal cache (C:\Users\INTEL\.gradle\caches\journal-1)" [_thread_blocked, id=5680, stack(0x0000000284900000,0x0000000284a00000)]
  0x000001ef73924fe0 JavaThread "File lock request listener" [_thread_in_native, id=3212, stack(0x0000000284a00000,0x0000000284b00000)]
  0x000001ef73922c70 JavaThread "Cache worker for file hash cache (C:\Users\INTEL\.gradle\caches\8.13\fileHashes)" [_thread_in_native, id=9732, stack(0x0000000284b00000,0x0000000284c00000)]
  0x000001ef73922760 JavaThread "Cache worker for file hash cache (C:\Users\INTEL\Documents\React Native\ProductStore\android\.gradle\8.13\fileHashes)" [_thread_blocked, id=22536, stack(0x0000000284d00000,0x0000000284e00000)]
  0x000001ef73923180 JavaThread "Cache worker for Build Output Cleanup Cache (C:\Users\INTEL\Documents\React Native\ProductStore\android\.gradle\buildOutputCleanup)" [_thread_blocked, id=21828, stack(0x0000000284e00000,0x0000000284f00000)]
  0x000001ef73923690 JavaThread "File watcher server" daemon [_thread_in_native, id=7728, stack(0x0000000285000000,0x0000000285100000)]
  0x000001ef74c347b0 JavaThread "File watcher consumer" daemon [_thread_blocked, id=3816, stack(0x0000000285100000,0x0000000285200000)]
  0x000001ef74c32e60 JavaThread "jar transforms" [_thread_blocked, id=25944, stack(0x0000000285200000,0x0000000285300000)]
  0x000001ef74c32440 JavaThread "Cache worker for checksums cache (C:\Users\INTEL\Documents\React Native\ProductStore\android\.gradle\8.13\checksums)" [_thread_blocked, id=3808, stack(0x0000000284c00000,0x0000000284d00000)]
  0x000001ef74c31f30 JavaThread "Cache worker for file content cache (C:\Users\INTEL\.gradle\caches\8.13\fileContent)" [_thread_blocked, id=9952, stack(0x0000000285300000,0x0000000285400000)]
  0x000001ef74c32950 JavaThread "Cache worker for cache directory md-supplier (C:\Users\INTEL\.gradle\caches\8.13\md-supplier)" [_thread_blocked, id=5872, stack(0x0000000285500000,0x0000000285600000)]
  0x000001ef74c31a20 JavaThread "Cache worker for cache directory md-rule (C:\Users\INTEL\.gradle\caches\8.13\md-rule)" [_thread_blocked, id=26100, stack(0x0000000285600000,0x0000000285700000)]
  0x000001ef74c356e0 JavaThread "Cache worker for Build Output Cleanup Cache (C:\Users\INTEL\Documents\React Native\ProductStore\node_modules\@react-native\gradle-plugin\.gradle\buildOutputCleanup)" [_thread_blocked, id=24752, stack(0x0000000285700000,0x0000000285800000)]
  0x000001ef74c33880 JavaThread "Unconstrained build operations" [_thread_blocked, id=2200, stack(0x0000000285800000,0x0000000285900000)]
  0x000001ef74c37540 JavaThread "Unconstrained build operations Thread 2" [_thread_blocked, id=2944, stack(0x0000000285900000,0x0000000285a00000)]
  0x000001ef74c33d90 JavaThread "Unconstrained build operations Thread 3" [_thread_blocked, id=1180, stack(0x0000000285a00000,0x0000000285b00000)]
  0x000001ef74c36b20 JavaThread "Unconstrained build operations Thread 4" [_thread_blocked, id=3284, stack(0x0000000285b00000,0x0000000285c00000)]
  0x000001ef74c300d0 JavaThread "Unconstrained build operations Thread 5" [_thread_blocked, id=16252, stack(0x0000000285c00000,0x0000000285d00000)]
  0x000001ef74c342a0 JavaThread "Unconstrained build operations Thread 6" [_thread_blocked, id=700, stack(0x0000000285d00000,0x0000000285e00000)]
  0x000001ef74c37a50 JavaThread "Unconstrained build operations Thread 7" [_thread_blocked, id=6972, stack(0x0000000285e00000,0x0000000285f00000)]
  0x000001ef74c305e0 JavaThread "Unconstrained build operations Thread 8" [_thread_blocked, id=20392, stack(0x0000000285f00000,0x0000000286000000)]
  0x000001ef74c351d0 JavaThread "Unconstrained build operations Thread 9" [_thread_blocked, id=13796, stack(0x0000000286000000,0x0000000286100000)]
  0x000001ef74c35bf0 JavaThread "Unconstrained build operations Thread 10" [_thread_blocked, id=4880, stack(0x0000000286100000,0x0000000286200000)]
  0x000001ef74c31510 JavaThread "Unconstrained build operations Thread 11" [_thread_blocked, id=26168, stack(0x0000000286200000,0x0000000286300000)]
  0x000001ef74c36610 JavaThread "Unconstrained build operations Thread 12" [_thread_blocked, id=25704, stack(0x0000000286300000,0x0000000286400000)]
  0x000001ef74c37030 JavaThread "Unconstrained build operations Thread 13" [_thread_blocked, id=6744, stack(0x0000000286400000,0x0000000286500000)]
  0x000001ef74c30af0 JavaThread "Unconstrained build operations Thread 14" [_thread_blocked, id=25148, stack(0x0000000286500000,0x0000000286600000)]
  0x000001ef74c31000 JavaThread "Unconstrained build operations Thread 15" [_thread_blocked, id=24668, stack(0x0000000286600000,0x0000000286700000)]
  0x000001ef741c51a0 JavaThread "Unconstrained build operations Thread 16" [_thread_blocked, id=24504, stack(0x0000000286700000,0x0000000286800000)]
  0x000001ef741c56b0 JavaThread "Unconstrained build operations Thread 17" [_thread_blocked, id=15924, stack(0x0000000286800000,0x0000000286900000)]
  0x000001ef741c3d60 JavaThread "Unconstrained build operations Thread 18" [_thread_blocked, id=17120, stack(0x0000000286900000,0x0000000286a00000)]
  0x000001ef741c65e0 JavaThread "Unconstrained build operations Thread 19" [_thread_blocked, id=6064, stack(0x0000000286a00000,0x0000000286b00000)]
  0x000001ef741c3850 JavaThread "Unconstrained build operations Thread 20" [_thread_blocked, id=15504, stack(0x0000000286b00000,0x0000000286c00000)]
  0x000001ef741c4270 JavaThread "Unconstrained build operations Thread 21" [_thread_blocked, id=7244, stack(0x0000000286c00000,0x0000000286d00000)]
  0x000001ef741c5bc0 JavaThread "build event listener" [_thread_blocked, id=23156, stack(0x0000000285400000,0x0000000285500000)]
  0x000001ef741c3340 JavaThread "Memory manager" [_thread_blocked, id=24036, stack(0x0000000286d00000,0x0000000286e00000)]
  0x000001ef741c7000 JavaThread "ForkJoinPool.commonPool-worker-1" daemon [_thread_blocked, id=20400, stack(0x0000000286e00000,0x0000000286f00000)]
  0x000001ef741c4780 JavaThread "ForkJoinPool.commonPool-worker-2" daemon [_thread_blocked, id=24812, stack(0x0000000286f00000,0x0000000287000000)]
  0x000001ef741c4c90 JavaThread "ForkJoinPool.commonPool-worker-3" daemon [_thread_blocked, id=13380, stack(0x0000000287000000,0x0000000287100000)]
  0x000001ef741c0ac0 JavaThread "ForkJoinPool.commonPool-worker-4" daemon [_thread_blocked, id=2380, stack(0x0000000287100000,0x0000000287200000)]
  0x000001ef741c7a20 JavaThread "ForkJoinPool.commonPool-worker-5" daemon [_thread_blocked, id=25680, stack(0x0000000287200000,0x0000000287300000)]
  0x000001ef741c19f0 JavaThread "Exec process" daemon [_thread_blocked, id=25656, stack(0x0000000287300000,0x0000000287400000)]
  0x000001ef741c6af0 JavaThread "Exec process Thread 2" daemon [_thread_blocked, id=10660, stack(0x0000000287400000,0x0000000287500000)]
  0x000001ef741c7510 JavaThread "Exec process Thread 3" daemon [_thread_blocked, id=20072, stack(0x0000000287500000,0x0000000287600000)]
  0x000001ef741c2e30 JavaThread "included builds" [_thread_blocked, id=6352, stack(0x0000000287600000,0x0000000287700000)]
  0x000001ef741c05b0 JavaThread "Execution worker" [_thread_blocked, id=20740, stack(0x0000000287700000,0x0000000287800000)]
  0x000001ef741c7f30 JavaThread "Execution worker Thread 2" [_thread_blocked, id=3784, stack(0x0000000287800000,0x0000000287900000)]
  0x000001ef741c2920 JavaThread "Execution worker Thread 3" [_thread_blocked, id=8216, stack(0x0000000287900000,0x0000000287a00000)]
  0x000001ef741c0fd0 JavaThread "Execution worker Thread 4" [_thread_blocked, id=12904, stack(0x0000000287a00000,0x0000000287b00000)]
  0x000001ef741c14e0 JavaThread "Execution worker Thread 5" [_thread_blocked, id=21120, stack(0x0000000287b00000,0x0000000287c00000)]
  0x000001ef741c1f00 JavaThread "Cache worker for execution history cache (C:\Users\INTEL\Documents\React Native\ProductStore\node_modules\@react-native\gradle-plugin\.gradle\8.13\executionHistory)" [_thread_blocked, id=4876, stack(0x0000000287c00000,0x0000000287d00000)]
  0x000001ef741c2410 JavaThread "Unconstrained build operations Thread 22" [_thread_blocked, id=5272, stack(0x0000000287d00000,0x0000000287e00000)]
  0x000001ef72d39810 JavaThread "Unconstrained build operations Thread 23" [_thread_blocked, id=9820, stack(0x0000000287e00000,0x0000000287f00000)]
  0x000001ef72d3bb80 JavaThread "Unconstrained build operations Thread 24" [_thread_blocked, id=20008, stack(0x0000000287f00000,0x0000000288000000)]
  0x000001ef72d39300 JavaThread "Unconstrained build operations Thread 25" [_thread_blocked, id=24056, stack(0x0000000288000000,0x0000000288100000)]
  0x000001ef72d383d0 JavaThread "Unconstrained build operations Thread 26" [_thread_blocked, id=23984, stack(0x0000000288100000,0x0000000288200000)]
  0x000001ef72d36060 JavaThread "Unconstrained build operations Thread 27" [_thread_blocked, id=24076, stack(0x0000000288200000,0x0000000288300000)]
  0x000001ef72d388e0 JavaThread "Unconstrained build operations Thread 28" [_thread_blocked, id=23572, stack(0x0000000288300000,0x0000000288400000)]
  0x000001ef72d3b160 JavaThread "Unconstrained build operations Thread 29" [_thread_blocked, id=23740, stack(0x0000000288400000,0x0000000288500000)]
  0x000001ef72d3c090 JavaThread "Unconstrained build operations Thread 30" [_thread_blocked, id=12072, stack(0x0000000288500000,0x0000000288600000)]
  0x000001ef72d39d20 JavaThread "Unconstrained build operations Thread 31" [_thread_blocked, id=24744, stack(0x0000000288600000,0x0000000288700000)]
  0x000001ef72d379b0 JavaThread "Unconstrained build operations Thread 32" [_thread_blocked, id=13088, stack(0x0000000288700000,0x0000000288800000)]
  0x000001ef72d3a740 JavaThread "Unconstrained build operations Thread 33" [_thread_blocked, id=24016, stack(0x0000000288800000,0x0000000288900000)]
  0x000001ef72d3cab0 JavaThread "Unconstrained build operations Thread 34" [_thread_blocked, id=23236, stack(0x0000000288900000,0x0000000288a00000)]
  0x000001ef72d36570 JavaThread "Unconstrained build operations Thread 35" [_thread_blocked, id=26452, stack(0x0000000288a00000,0x0000000288b00000)]
  0x000001ef72d38df0 JavaThread "Unconstrained build operations Thread 36" [_thread_blocked, id=1504, stack(0x0000000288b00000,0x0000000288c00000)]
  0x000001ef72d36a80 JavaThread "Unconstrained build operations Thread 37" [_thread_blocked, id=26564, stack(0x0000000288c00000,0x0000000288d00000)]
  0x000001ef72d3a230 JavaThread "Unconstrained build operations Thread 38" [_thread_blocked, id=704, stack(0x0000000288d00000,0x0000000288e00000)]
  0x000001ef72d3ac50 JavaThread "Unconstrained build operations Thread 39" [_thread_blocked, id=7628, stack(0x0000000288e00000,0x0000000288f00000)]
  0x000001ef72d3b670 JavaThread "Unconstrained build operations Thread 40" [_thread_blocked, id=1928, stack(0x0000000288f00000,0x0000000289000000)]
  0x000001ef72d37ec0 JavaThread "Unconstrained build operations Thread 41" [_thread_blocked, id=23780, stack(0x0000000289000000,0x0000000289100000)]
  0x000001ef72d3c5a0 JavaThread "Unconstrained build operations Thread 42" [_thread_blocked, id=4660, stack(0x0000000289100000,0x0000000289200000)]
  0x000001ef72d3cfc0 JavaThread "Unconstrained build operations Thread 43" [_thread_blocked, id=16664, stack(0x0000000289200000,0x0000000289300000)]
  0x000001ef72d36f90 JavaThread "Unconstrained build operations Thread 44" [_thread_blocked, id=11444, stack(0x0000000289300000,0x0000000289400000)]
  0x000001ef72d3d4d0 JavaThread "Unconstrained build operations Thread 45" [_thread_blocked, id=10008, stack(0x0000000289400000,0x0000000289500000)]
  0x000001ef72d3d9e0 JavaThread "Unconstrained build operations Thread 46" [_thread_blocked, id=4284, stack(0x0000000289500000,0x0000000289600000)]
  0x000001ef72d374a0 JavaThread "Unconstrained build operations Thread 47" [_thread_blocked, id=14824, stack(0x0000000289600000,0x0000000289700000)]
  0x000001ef76aead30 JavaThread "Unconstrained build operations Thread 48" [_thread_blocked, id=16068, stack(0x0000000289700000,0x0000000289800000)]
  0x000001ef76aeb240 JavaThread "Unconstrained build operations Thread 49" [_thread_blocked, id=14008, stack(0x0000000289800000,0x0000000289900000)]
  0x000001ef76aea310 JavaThread "Unconstrained build operations Thread 50" [_thread_blocked, id=14200, stack(0x0000000289900000,0x0000000289a00000)]
  0x000001ef76aedfd0 JavaThread "Unconstrained build operations Thread 51" [_thread_blocked, id=388, stack(0x0000000289a00000,0x0000000289b00000)]
  0x000001ef76ae7fa0 JavaThread "Unconstrained build operations Thread 52" [_thread_blocked, id=24172, stack(0x0000000289b00000,0x0000000289c00000)]
  0x000001ef76ae89c0 JavaThread "Unconstrained build operations Thread 53" [_thread_blocked, id=9544, stack(0x0000000289c00000,0x0000000289d00000)]
  0x000001ef76ae8ed0 JavaThread "Unconstrained build operations Thread 54" [_thread_blocked, id=24704, stack(0x0000000289d00000,0x0000000289e00000)]
  0x000001ef76ae7a90 JavaThread "Unconstrained build operations Thread 55" [_thread_blocked, id=5668, stack(0x0000000289e00000,0x0000000289f00000)]
  0x000001ef76aec170 JavaThread "Unconstrained build operations Thread 56" [_thread_blocked, id=21556, stack(0x0000000289f00000,0x000000028a000000)]
  0x000001ef76aebc60 JavaThread "Unconstrained build operations Thread 57" [_thread_blocked, id=24900, stack(0x000000028a000000,0x000000028a100000)]
  0x000001ef76aedac0 JavaThread "jar transforms Thread 2" [_thread_blocked, id=6072, stack(0x000000028a100000,0x000000028a200000)]
  0x000001ef76ae84b0 JavaThread "jar transforms Thread 3" [_thread_blocked, id=3544, stack(0x000000028a200000,0x000000028a300000)]
  0x000001ef76aee4e0 JavaThread "Unconstrained build operations Thread 58" [_thread_blocked, id=22768, stack(0x000000028a300000,0x000000028a400000)]
  0x000001ef76ae7580 JavaThread "Unconstrained build operations Thread 59" [_thread_blocked, id=8604, stack(0x000000028a400000,0x000000028a500000)]
  0x000001ef76aeb750 JavaThread "Unconstrained build operations Thread 60" [_thread_blocked, id=1832, stack(0x000000028a500000,0x000000028a600000)]
  0x000001ef76ae93e0 JavaThread "jar transforms Thread 4" [_thread_blocked, id=23224, stack(0x000000028a600000,0x000000028a700000)]
  0x000001ef76aed0a0 JavaThread "jar transforms Thread 5" [_thread_blocked, id=23900, stack(0x000000028a700000,0x000000028a800000)]
  0x000001ef76ae7070 JavaThread "jar transforms Thread 6" [_thread_blocked, id=6600, stack(0x000000028a800000,0x000000028a900000)]
  0x000001ef76aea820 JavaThread "Problems report writer" [_thread_blocked, id=14816, stack(0x000000028ab00000,0x000000028ac00000)]
  0x000001ef76aed5b0 JavaThread "build event listener" [_thread_blocked, id=2772, stack(0x000000028ac00000,0x000000028ad00000)]

Other Threads:
  0x000001ef6d972490 VMThread "VM Thread" [stack: 0x0000000282c00000,0x0000000282d00000] [id=2616]
  0x000001ef6dd37bc0 WatcherThread [stack: 0x0000000283800000,0x0000000283900000] [id=15128]
  0x000001ef4d9be830 GCTaskThread "GC Thread#0" [stack: 0x0000000282700000,0x0000000282800000] [id=23472]
  0x000001ef6de6e000 GCTaskThread "GC Thread#1" [stack: 0x0000000283a00000,0x0000000283b00000] [id=5472]
  0x000001ef6de6e2c0 GCTaskThread "GC Thread#2" [stack: 0x0000000283b00000,0x0000000283c00000] [id=11220]
  0x000001ef6de6e580 GCTaskThread "GC Thread#3" [stack: 0x0000000283c00000,0x0000000283d00000] [id=9816]
  0x000001ef6de6e840 GCTaskThread "GC Thread#4" [stack: 0x0000000283d00000,0x0000000283e00000] [id=20816]
  0x000001ef6de6eb00 GCTaskThread "GC Thread#5" [stack: 0x0000000283e00000,0x0000000283f00000] [id=23372]
  0x000001ef4fbe5d70 ConcurrentGCThread "G1 Main Marker" [stack: 0x0000000282800000,0x0000000282900000] [id=25672]
  0x000001ef4fbe6430 ConcurrentGCThread "G1 Conc#0" [stack: 0x0000000282900000,0x0000000282a00000] [id=4448]
  0x000001ef756d8cf0 ConcurrentGCThread "G1 Conc#1" [stack: 0x0000000284f00000,0x0000000285000000] [id=25896]
  0x000001ef4fc3e930 ConcurrentGCThread "G1 Refine#0" [stack: 0x0000000282a00000,0x0000000282b00000] [id=3776]
  0x000001ef6de6f1a0 ConcurrentGCThread "G1 Refine#1" [stack: 0x0000000283f00000,0x0000000284000000] [id=25904]
  0x000001ef6d82a920 ConcurrentGCThread "G1 Service" [stack: 0x0000000282b00000,0x0000000282c00000] [id=23856]

Threads with active compile tasks:
C2 CompilerThread0    45614 13594       4       org.gradle.cache.internal.btree.FreeListBlockStore::write (16 bytes)

VM state: not at safepoint (normal execution)

VM Mutex/Monitor currently owned by a thread: None

Heap address: 0x0000000080000000, size: 2048 MB, Compressed Oops mode: 32-bit

CDS archive(s) mapped at: [0x000001ef00000000-0x000001ef00bd0000-0x000001ef00bd0000), size 12386304, SharedBaseAddress: 0x000001ef00000000, ArchiveRelocationMode: 1.
Compressed class space mapped at: 0x000001ef01000000-0x000001ef1b000000, reserved size: 436207616
Narrow klass base: 0x000001ef00000000, Narrow klass shift: 0, Narrow klass range: 0x100000000

GC Precious Log:
 CPUs: 6 total, 6 available
 Memory: 16321M
 Large Page Support: Disabled
 NUMA Support: Disabled
 Compressed Oops: Enabled (32-bit)
 Heap Region Size: 1M
 Heap Min Capacity: 8M
 Heap Initial Capacity: 256M
 Heap Max Capacity: 2G
 Pre-touch: Disabled
 Parallel Workers: 6
 Concurrent Workers: 2
 Concurrent Refinement Workers: 6
 Periodic GC: Disabled

Heap:
 garbage-first heap   total 224256K, used 164080K [0x0000000080000000, 0x0000000100000000)
  region size 1024K, 36 young (36864K), 2 survivors (2048K)
 Metaspace       used 104203K, committed 105280K, reserved 557056K
  class space    used 14457K, committed 14976K, reserved 425984K

Heap Regions: E=young(eden), S=young(survivor), O=old, HS=humongous(starts), HC=humongous(continues), CS=collection set, F=free, OA=open archive, CA=closed archive, TAMS=top-at-mark-start (previous, next)
|   0|0x0000000080000000, 0x0000000080100000, 0x0000000080100000|100%|HS|  |TAMS 0x0000000080100000, 0x0000000080000000| Complete 
|   1|0x0000000080100000, 0x0000000080200000, 0x0000000080200000|100%|HC|  |TAMS 0x0000000080200000, 0x0000000080100000| Complete 
|   2|0x0000000080200000, 0x0000000080300000, 0x0000000080300000|100%|HC|  |TAMS 0x0000000080300000, 0x0000000080200000| Complete 
|   3|0x0000000080300000, 0x0000000080400000, 0x0000000080400000|100%| O|  |TAMS 0x0000000080400000, 0x0000000080300000| Untracked 
|   4|0x0000000080400000, 0x0000000080500000, 0x0000000080500000|100%| O|  |TAMS 0x0000000080500000, 0x0000000080400000| Untracked 
|   5|0x0000000080500000, 0x0000000080600000, 0x0000000080600000|100%| O|  |TAMS 0x0000000080600000, 0x0000000080500000| Untracked 
|   6|0x0000000080600000, 0x0000000080700000, 0x0000000080700000|100%|HS|  |TAMS 0x0000000080700000, 0x0000000080600000| Complete 
|   7|0x0000000080700000, 0x0000000080800000, 0x0000000080800000|100%| O|  |TAMS 0x0000000080800000, 0x0000000080700000| Untracked 
|   8|0x0000000080800000, 0x0000000080900000, 0x0000000080900000|100%| O|  |TAMS 0x0000000080900000, 0x0000000080800000| Untracked 
|   9|0x0000000080900000, 0x0000000080a00000, 0x0000000080a00000|100%| O|  |TAMS 0x0000000080a00000, 0x0000000080900000| Untracked 
|  10|0x0000000080a00000, 0x0000000080b00000, 0x0000000080b00000|100%| O|  |TAMS 0x0000000080b00000, 0x0000000080a00000| Untracked 
|  11|0x0000000080b00000, 0x0000000080c00000, 0x0000000080c00000|100%| O|  |TAMS 0x0000000080c00000, 0x0000000080b00000| Untracked 
|  12|0x0000000080c00000, 0x0000000080d00000, 0x0000000080d00000|100%| O|  |TAMS 0x0000000080d00000, 0x0000000080c00000| Untracked 
|  13|0x0000000080d00000, 0x0000000080e00000, 0x0000000080e00000|100%| O|  |TAMS 0x0000000080e00000, 0x0000000080d00000| Untracked 
|  14|0x0000000080e00000, 0x0000000080f00000, 0x0000000080f00000|100%| O|  |TAMS 0x0000000080f00000, 0x0000000080e00000| Untracked 
|  15|0x0000000080f00000, 0x0000000081000000, 0x0000000081000000|100%| O|  |TAMS 0x0000000081000000, 0x0000000080f00000| Untracked 
|  16|0x0000000081000000, 0x0000000081100000, 0x0000000081100000|100%| O|  |TAMS 0x0000000081100000, 0x0000000081000000| Untracked 
|  17|0x0000000081100000, 0x0000000081200000, 0x0000000081200000|100%| O|  |TAMS 0x0000000081200000, 0x0000000081100000| Untracked 
|  18|0x0000000081200000, 0x0000000081300000, 0x0000000081300000|100%| O|  |TAMS 0x0000000081300000, 0x0000000081200000| Untracked 
|  19|0x0000000081300000, 0x0000000081400000, 0x0000000081400000|100%| O|  |TAMS 0x0000000081400000, 0x0000000081300000| Untracked 
|  20|0x0000000081400000, 0x0000000081500000, 0x0000000081500000|100%| O|  |TAMS 0x0000000081500000, 0x0000000081400000| Untracked 
|  21|0x0000000081500000, 0x0000000081600000, 0x0000000081600000|100%| O|  |TAMS 0x0000000081600000, 0x0000000081500000| Untracked 
|  22|0x0000000081600000, 0x0000000081700000, 0x0000000081700000|100%| O|  |TAMS 0x0000000081700000, 0x0000000081600000| Untracked 
|  23|0x0000000081700000, 0x0000000081800000, 0x0000000081800000|100%| O|  |TAMS 0x0000000081800000, 0x0000000081700000| Untracked 
|  24|0x0000000081800000, 0x0000000081900000, 0x0000000081900000|100%| O|  |TAMS 0x0000000081900000, 0x0000000081800000| Untracked 
|  25|0x0000000081900000, 0x0000000081a00000, 0x0000000081a00000|100%| O|  |TAMS 0x0000000081a00000, 0x0000000081900000| Untracked 
|  26|0x0000000081a00000, 0x0000000081b00000, 0x0000000081b00000|100%| O|  |TAMS 0x0000000081b00000, 0x0000000081a00000| Untracked 
|  27|0x0000000081b00000, 0x0000000081c00000, 0x0000000081c00000|100%| O|  |TAMS 0x0000000081c00000, 0x0000000081b00000| Untracked 
|  28|0x0000000081c00000, 0x0000000081d00000, 0x0000000081d00000|100%| O|  |TAMS 0x0000000081d00000, 0x0000000081c00000| Untracked 
|  29|0x0000000081d00000, 0x0000000081e00000, 0x0000000081e00000|100%| O|  |TAMS 0x0000000081e00000, 0x0000000081d00000| Untracked 
|  30|0x0000000081e00000, 0x0000000081f00000, 0x0000000081f00000|100%| O|  |TAMS 0x0000000081f00000, 0x0000000081e00000| Untracked 
|  31|0x0000000081f00000, 0x0000000082000000, 0x0000000082000000|100%| O|  |TAMS 0x0000000082000000, 0x0000000081f00000| Untracked 
|  32|0x0000000082000000, 0x0000000082100000, 0x0000000082100000|100%| O|  |TAMS 0x0000000082100000, 0x0000000082000000| Untracked 
|  33|0x0000000082100000, 0x0000000082200000, 0x0000000082200000|100%| O|  |TAMS 0x0000000082200000, 0x0000000082100000| Untracked 
|  34|0x0000000082200000, 0x0000000082300000, 0x0000000082300000|100%| O|  |TAMS 0x0000000082300000, 0x0000000082200000| Untracked 
|  35|0x0000000082300000, 0x0000000082400000, 0x0000000082400000|100%| O|  |TAMS 0x0000000082400000, 0x0000000082300000| Untracked 
|  36|0x0000000082400000, 0x0000000082500000, 0x0000000082500000|100%| O|  |TAMS 0x0000000082500000, 0x0000000082400000| Untracked 
|  37|0x0000000082500000, 0x0000000082600000, 0x0000000082600000|100%| O|  |TAMS 0x0000000082600000, 0x0000000082500000| Untracked 
|  38|0x0000000082600000, 0x0000000082700000, 0x0000000082700000|100%| O|  |TAMS 0x0000000082700000, 0x0000000082600000| Untracked 
|  39|0x0000000082700000, 0x0000000082800000, 0x0000000082800000|100%| O|  |TAMS 0x0000000082800000, 0x0000000082700000| Untracked 
|  40|0x0000000082800000, 0x0000000082900000, 0x0000000082900000|100%| O|  |TAMS 0x0000000082900000, 0x0000000082800000| Untracked 
|  41|0x0000000082900000, 0x0000000082a00000, 0x0000000082a00000|100%| O|  |TAMS 0x0000000082a00000, 0x0000000082900000| Untracked 
|  42|0x0000000082a00000, 0x0000000082b00000, 0x0000000082b00000|100%|HS|  |TAMS 0x0000000082b00000, 0x0000000082a00000| Complete 
|  43|0x0000000082b00000, 0x0000000082c00000, 0x0000000082c00000|100%|HC|  |TAMS 0x0000000082c00000, 0x0000000082b00000| Complete 
|  44|0x0000000082c00000, 0x0000000082d00000, 0x0000000082d00000|100%|HS|  |TAMS 0x0000000082d00000, 0x0000000082c00000| Complete 
|  45|0x0000000082d00000, 0x0000000082e00000, 0x0000000082e00000|100%|HC|  |TAMS 0x0000000082e00000, 0x0000000082d00000| Complete 
|  46|0x0000000082e00000, 0x0000000082f00000, 0x0000000082f00000|100%|HC|  |TAMS 0x0000000082f00000, 0x0000000082e00000| Complete 
|  47|0x0000000082f00000, 0x0000000083000000, 0x0000000083000000|100%|HS|  |TAMS 0x0000000083000000, 0x0000000082f00000| Complete 
|  48|0x0000000083000000, 0x0000000083100000, 0x0000000083100000|100%|HC|  |TAMS 0x0000000083100000, 0x0000000083000000| Complete 
|  49|0x0000000083100000, 0x0000000083200000, 0x0000000083200000|100%| O|  |TAMS 0x0000000083200000, 0x0000000083100000| Untracked 
|  50|0x0000000083200000, 0x0000000083200000, 0x0000000083300000|  0%| F|  |TAMS 0x0000000083200000, 0x0000000083200000| Untracked 
|  51|0x0000000083300000, 0x0000000083400000, 0x0000000083400000|100%| O|  |TAMS 0x0000000083400000, 0x0000000083300000| Untracked 
|  52|0x0000000083400000, 0x0000000083500000, 0x0000000083500000|100%| O|  |TAMS 0x0000000083500000, 0x0000000083400000| Untracked 
|  53|0x0000000083500000, 0x0000000083600000, 0x0000000083600000|100%| O|  |TAMS 0x0000000083600000, 0x0000000083500000| Untracked 
|  54|0x0000000083600000, 0x0000000083700000, 0x0000000083700000|100%| O|  |TAMS 0x0000000083700000, 0x0000000083600000| Untracked 
|  55|0x0000000083700000, 0x0000000083800000, 0x0000000083800000|100%| O|  |TAMS 0x0000000083800000, 0x0000000083700000| Untracked 
|  56|0x0000000083800000, 0x0000000083900000, 0x0000000083900000|100%|HS|  |TAMS 0x0000000083900000, 0x0000000083800000| Complete 
|  57|0x0000000083900000, 0x0000000083a00000, 0x0000000083a00000|100%|HC|  |TAMS 0x0000000083a00000, 0x0000000083900000| Complete 
|  58|0x0000000083a00000, 0x0000000083b00000, 0x0000000083b00000|100%|HC|  |TAMS 0x0000000083b00000, 0x0000000083a00000| Complete 
|  59|0x0000000083b00000, 0x0000000083c00000, 0x0000000083c00000|100%| O|  |TAMS 0x0000000083c00000, 0x0000000083b00000| Untracked 
|  60|0x0000000083c00000, 0x0000000083d00000, 0x0000000083d00000|100%| O|  |TAMS 0x0000000083d00000, 0x0000000083c00000| Untracked 
|  61|0x0000000083d00000, 0x0000000083e00000, 0x0000000083e00000|100%| O|  |TAMS 0x0000000083e00000, 0x0000000083d00000| Untracked 
|  62|0x0000000083e00000, 0x0000000083f00000, 0x0000000083f00000|100%| O|  |TAMS 0x0000000083f00000, 0x0000000083e00000| Untracked 
|  63|0x0000000083f00000, 0x0000000084000000, 0x0000000084000000|100%| O|  |TAMS 0x0000000084000000, 0x0000000083f00000| Untracked 
|  64|0x0000000084000000, 0x0000000084100000, 0x0000000084100000|100%| O|  |TAMS 0x0000000084100000, 0x0000000084000000| Untracked 
|  65|0x0000000084100000, 0x0000000084200000, 0x0000000084200000|100%| O|  |TAMS 0x0000000084200000, 0x0000000084100000| Untracked 
|  66|0x0000000084200000, 0x0000000084300000, 0x0000000084300000|100%| O|  |TAMS 0x0000000084300000, 0x0000000084200000| Untracked 
|  67|0x0000000084300000, 0x0000000084400000, 0x0000000084400000|100%| O|  |TAMS 0x0000000084400000, 0x0000000084300000| Untracked 
|  68|0x0000000084400000, 0x0000000084500000, 0x0000000084500000|100%| O|  |TAMS 0x0000000084500000, 0x0000000084400000| Untracked 
|  69|0x0000000084500000, 0x0000000084600000, 0x0000000084600000|100%| O|  |TAMS 0x0000000084600000, 0x0000000084500000| Untracked 
|  70|0x0000000084600000, 0x0000000084700000, 0x0000000084700000|100%| O|  |TAMS 0x0000000084700000, 0x0000000084600000| Untracked 
|  71|0x0000000084700000, 0x0000000084700000, 0x0000000084800000|  0%| F|  |TAMS 0x0000000084700000, 0x0000000084700000| Untracked 
|  72|0x0000000084800000, 0x0000000084900000, 0x0000000084900000|100%| O|  |TAMS 0x0000000084900000, 0x0000000084800000| Untracked 
|  73|0x0000000084900000, 0x0000000084a00000, 0x0000000084a00000|100%| O|  |TAMS 0x0000000084a00000, 0x0000000084900000| Untracked 
|  74|0x0000000084a00000, 0x0000000084b00000, 0x0000000084b00000|100%| O|  |TAMS 0x0000000084b00000, 0x0000000084a00000| Untracked 
|  75|0x0000000084b00000, 0x0000000084c00000, 0x0000000084c00000|100%| O|  |TAMS 0x0000000084c00000, 0x0000000084b00000| Untracked 
|  76|0x0000000084c00000, 0x0000000084d00000, 0x0000000084d00000|100%| O|  |TAMS 0x0000000084d00000, 0x0000000084c00000| Untracked 
|  77|0x0000000084d00000, 0x0000000084e00000, 0x0000000084e00000|100%| O|  |TAMS 0x0000000084e00000, 0x0000000084d00000| Untracked 
|  78|0x0000000084e00000, 0x0000000084f00000, 0x0000000084f00000|100%| O|  |TAMS 0x0000000084f00000, 0x0000000084e00000| Untracked 
|  79|0x0000000084f00000, 0x0000000085000000, 0x0000000085000000|100%|HS|  |TAMS 0x0000000085000000, 0x0000000084f00000| Complete 
|  80|0x0000000085000000, 0x0000000085100000, 0x0000000085100000|100%|HS|  |TAMS 0x0000000085100000, 0x0000000085000000| Complete 
|  81|0x0000000085100000, 0x0000000085200000, 0x0000000085200000|100%|HS|  |TAMS 0x0000000085200000, 0x0000000085100000| Complete 
|  82|0x0000000085200000, 0x0000000085300000, 0x0000000085300000|100%|HS|  |TAMS 0x0000000085300000, 0x0000000085200000| Complete 
|  83|0x0000000085300000, 0x0000000085400000, 0x0000000085400000|100%|HS|  |TAMS 0x0000000085400000, 0x0000000085300000| Complete 
|  84|0x0000000085400000, 0x0000000085500000, 0x0000000085500000|100%|HS|  |TAMS 0x0000000085500000, 0x0000000085400000| Complete 
|  85|0x0000000085500000, 0x0000000085500000, 0x0000000085600000|  0%| F|  |TAMS 0x0000000085500000, 0x0000000085500000| Untracked 
|  86|0x0000000085600000, 0x0000000085600000, 0x0000000085700000|  0%| F|  |TAMS 0x0000000085600000, 0x0000000085600000| Untracked 
|  87|0x0000000085700000, 0x0000000085800000, 0x0000000085800000|100%| O|  |TAMS 0x0000000085800000, 0x0000000085700000| Untracked 
|  88|0x0000000085800000, 0x0000000085900000, 0x0000000085900000|100%| O|  |TAMS 0x0000000085900000, 0x0000000085800000| Untracked 
|  89|0x0000000085900000, 0x0000000085a00000, 0x0000000085a00000|100%| O|  |TAMS 0x0000000085a00000, 0x0000000085900000| Untracked 
|  90|0x0000000085a00000, 0x0000000085b00000, 0x0000000085b00000|100%| O|  |TAMS 0x0000000085b00000, 0x0000000085a00000| Untracked 
|  91|0x0000000085b00000, 0x0000000085c00000, 0x0000000085c00000|100%| O|  |TAMS 0x0000000085c00000, 0x0000000085b00000| Untracked 
|  92|0x0000000085c00000, 0x0000000085d00000, 0x0000000085d00000|100%| O|  |TAMS 0x0000000085d00000, 0x0000000085c00000| Untracked 
|  93|0x0000000085d00000, 0x0000000085e00000, 0x0000000085e00000|100%| O|  |TAMS 0x0000000085e00000, 0x0000000085d00000| Untracked 
|  94|0x0000000085e00000, 0x0000000085f00000, 0x0000000085f00000|100%| O|  |TAMS 0x0000000085e00000, 0x0000000085e00000| Untracked 
|  95|0x0000000085f00000, 0x0000000086000000, 0x0000000086000000|100%|HS|  |TAMS 0x0000000086000000, 0x0000000085f00000| Complete 
|  96|0x0000000086000000, 0x0000000086100000, 0x0000000086100000|100%| O|  |TAMS 0x0000000086100000, 0x0000000086000000| Untracked 
|  97|0x0000000086100000, 0x0000000086200000, 0x0000000086200000|100%| O|  |TAMS 0x0000000086200000, 0x0000000086100000| Untracked 
|  98|0x0000000086200000, 0x0000000086300000, 0x0000000086300000|100%| O|  |TAMS 0x0000000086300000, 0x0000000086200000| Untracked 
|  99|0x0000000086300000, 0x0000000086400000, 0x0000000086400000|100%| O|  |TAMS 0x0000000086400000, 0x0000000086300000| Untracked 
| 100|0x0000000086400000, 0x0000000086500000, 0x0000000086500000|100%| O|  |TAMS 0x0000000086500000, 0x0000000086400000| Untracked 
| 101|0x0000000086500000, 0x0000000086600000, 0x0000000086600000|100%| O|  |TAMS 0x0000000086600000, 0x0000000086500000| Untracked 
| 102|0x0000000086600000, 0x0000000086700000, 0x0000000086700000|100%| O|  |TAMS 0x0000000086700000, 0x0000000086600000| Untracked 
| 103|0x0000000086700000, 0x0000000086800000, 0x0000000086800000|100%| O|  |TAMS 0x0000000086800000, 0x0000000086700000| Untracked 
| 104|0x0000000086800000, 0x0000000086900000, 0x0000000086900000|100%|HS|  |TAMS 0x0000000086900000, 0x0000000086800000| Complete 
| 105|0x0000000086900000, 0x0000000086a00000, 0x0000000086a00000|100%|HC|  |TAMS 0x0000000086a00000, 0x0000000086900000| Complete 
| 106|0x0000000086a00000, 0x0000000086b00000, 0x0000000086b00000|100%| O|  |TAMS 0x0000000086b00000, 0x0000000086a00000| Untracked 
| 107|0x0000000086b00000, 0x0000000086c00000, 0x0000000086c00000|100%| O|  |TAMS 0x0000000086c00000, 0x0000000086b00000| Untracked 
| 108|0x0000000086c00000, 0x0000000086d00000, 0x0000000086d00000|100%| O|  |TAMS 0x0000000086d00000, 0x0000000086c00000| Untracked 
| 109|0x0000000086d00000, 0x0000000086e00000, 0x0000000086e00000|100%| O|  |TAMS 0x0000000086e00000, 0x0000000086d00000| Untracked 
| 110|0x0000000086e00000, 0x0000000086f00000, 0x0000000086f00000|100%| O|  |TAMS 0x0000000086f00000, 0x0000000086e00000| Untracked 
| 111|0x0000000086f00000, 0x0000000087000000, 0x0000000087000000|100%| O|  |TAMS 0x0000000087000000, 0x0000000086f00000| Untracked 
| 112|0x0000000087000000, 0x00000000870ffff8, 0x0000000087100000| 99%| O|  |TAMS 0x00000000870ffff8, 0x0000000087000000| Untracked 
| 113|0x0000000087100000, 0x0000000087200000, 0x0000000087200000|100%| O|  |TAMS 0x0000000087200000, 0x0000000087100000| Untracked 
| 114|0x0000000087200000, 0x0000000087300000, 0x0000000087300000|100%| O|  |TAMS 0x0000000087300000, 0x0000000087200000| Untracked 
| 115|0x0000000087300000, 0x0000000087400000, 0x0000000087400000|100%| O|  |TAMS 0x0000000087400000, 0x0000000087300000| Untracked 
| 116|0x0000000087400000, 0x0000000087500000, 0x0000000087500000|100%| O|  |TAMS 0x0000000087500000, 0x0000000087400000| Untracked 
| 117|0x0000000087500000, 0x0000000087600000, 0x0000000087600000|100%| O|  |TAMS 0x0000000087600000, 0x0000000087500000| Untracked 
| 118|0x0000000087600000, 0x0000000087700000, 0x0000000087700000|100%| O|  |TAMS 0x0000000087700000, 0x0000000087600000| Untracked 
| 119|0x0000000087700000, 0x0000000087800000, 0x0000000087800000|100%| O|  |TAMS 0x0000000087800000, 0x0000000087700000| Untracked 
| 120|0x0000000087800000, 0x0000000087900000, 0x0000000087900000|100%| O|  |TAMS 0x0000000087900000, 0x0000000087800000| Untracked 
| 121|0x0000000087900000, 0x0000000087a00000, 0x0000000087a00000|100%| O|  |TAMS 0x0000000087a00000, 0x0000000087900000| Untracked 
| 122|0x0000000087a00000, 0x0000000087b00000, 0x0000000087b00000|100%| O|  |TAMS 0x0000000087b00000, 0x0000000087a00000| Untracked 
| 123|0x0000000087b00000, 0x0000000087c00000, 0x0000000087c00000|100%| O|  |TAMS 0x0000000087c00000, 0x0000000087b00000| Untracked 
| 124|0x0000000087c00000, 0x0000000087d00000, 0x0000000087d00000|100%| O|  |TAMS 0x0000000087d00000, 0x0000000087c00000| Untracked 
| 125|0x0000000087d00000, 0x0000000087e00000, 0x0000000087e00000|100%| O|  |TAMS 0x0000000087e00000, 0x0000000087d00000| Untracked 
| 126|0x0000000087e00000, 0x0000000087f00000, 0x0000000087f00000|100%| O|  |TAMS 0x0000000087f00000, 0x0000000087e00000| Untracked 
| 127|0x0000000087f00000, 0x0000000088000000, 0x0000000088000000|100%| O|  |TAMS 0x0000000088000000, 0x0000000087f00000| Untracked 
| 128|0x0000000088000000, 0x0000000088100000, 0x0000000088100000|100%| O|  |TAMS 0x00000000880b4c00, 0x0000000088000000| Untracked 
| 129|0x0000000088100000, 0x0000000088200000, 0x0000000088200000|100%| O|  |TAMS 0x0000000088100000, 0x0000000088100000| Untracked 
| 130|0x0000000088200000, 0x0000000088300000, 0x0000000088300000|100%| O|  |TAMS 0x0000000088200000, 0x0000000088200000| Untracked 
| 131|0x0000000088300000, 0x0000000088311c00, 0x0000000088400000|  6%| O|  |TAMS 0x0000000088300000, 0x0000000088300000| Untracked 
| 132|0x0000000088400000, 0x0000000088400000, 0x0000000088500000|  0%| F|  |TAMS 0x0000000088400000, 0x0000000088400000| Untracked 
| 133|0x0000000088500000, 0x0000000088500000, 0x0000000088600000|  0%| F|  |TAMS 0x0000000088500000, 0x0000000088500000| Untracked 
| 134|0x0000000088600000, 0x0000000088600000, 0x0000000088700000|  0%| F|  |TAMS 0x0000000088600000, 0x0000000088600000| Untracked 
| 135|0x0000000088700000, 0x0000000088700000, 0x0000000088800000|  0%| F|  |TAMS 0x0000000088700000, 0x0000000088700000| Untracked 
| 136|0x0000000088800000, 0x0000000088800000, 0x0000000088900000|  0%| F|  |TAMS 0x0000000088800000, 0x0000000088800000| Untracked 
| 137|0x0000000088900000, 0x0000000088900000, 0x0000000088a00000|  0%| F|  |TAMS 0x0000000088900000, 0x0000000088900000| Untracked 
| 138|0x0000000088a00000, 0x0000000088a00000, 0x0000000088b00000|  0%| F|  |TAMS 0x0000000088a00000, 0x0000000088a00000| Untracked 
| 139|0x0000000088b00000, 0x0000000088b00000, 0x0000000088c00000|  0%| F|  |TAMS 0x0000000088b00000, 0x0000000088b00000| Untracked 
| 140|0x0000000088c00000, 0x0000000088c00000, 0x0000000088d00000|  0%| F|  |TAMS 0x0000000088c00000, 0x0000000088c00000| Untracked 
| 141|0x0000000088d00000, 0x0000000088d00000, 0x0000000088e00000|  0%| F|  |TAMS 0x0000000088d00000, 0x0000000088d00000| Untracked 
| 142|0x0000000088e00000, 0x0000000088e00000, 0x0000000088f00000|  0%| F|  |TAMS 0x0000000088e00000, 0x0000000088e00000| Untracked 
| 143|0x0000000088f00000, 0x0000000088f00000, 0x0000000089000000|  0%| F|  |TAMS 0x0000000088f00000, 0x0000000088f00000| Untracked 
| 144|0x0000000089000000, 0x0000000089000000, 0x0000000089100000|  0%| F|  |TAMS 0x0000000089000000, 0x0000000089000000| Untracked 
| 145|0x0000000089100000, 0x0000000089100000, 0x0000000089200000|  0%| F|  |TAMS 0x0000000089100000, 0x0000000089100000| Untracked 
| 146|0x0000000089200000, 0x0000000089200000, 0x0000000089300000|  0%| F|  |TAMS 0x0000000089200000, 0x0000000089200000| Untracked 
| 147|0x0000000089300000, 0x0000000089300000, 0x0000000089400000|  0%| F|  |TAMS 0x0000000089300000, 0x0000000089300000| Untracked 
| 148|0x0000000089400000, 0x0000000089400000, 0x0000000089500000|  0%| F|  |TAMS 0x0000000089400000, 0x0000000089400000| Untracked 
| 149|0x0000000089500000, 0x0000000089500000, 0x0000000089600000|  0%| F|  |TAMS 0x0000000089500000, 0x0000000089500000| Untracked 
| 150|0x0000000089600000, 0x0000000089600000, 0x0000000089700000|  0%| F|  |TAMS 0x0000000089600000, 0x0000000089600000| Untracked 
| 151|0x0000000089700000, 0x0000000089700000, 0x0000000089800000|  0%| F|  |TAMS 0x0000000089700000, 0x0000000089700000| Untracked 
| 152|0x0000000089800000, 0x0000000089800000, 0x0000000089900000|  0%| F|  |TAMS 0x0000000089800000, 0x0000000089800000| Untracked 
| 153|0x0000000089900000, 0x0000000089900000, 0x0000000089a00000|  0%| F|  |TAMS 0x0000000089900000, 0x0000000089900000| Untracked 
| 154|0x0000000089a00000, 0x0000000089a00000, 0x0000000089b00000|  0%| F|  |TAMS 0x0000000089a00000, 0x0000000089a00000| Untracked 
| 155|0x0000000089b00000, 0x0000000089b00000, 0x0000000089c00000|  0%| F|  |TAMS 0x0000000089b00000, 0x0000000089b00000| Untracked 
| 156|0x0000000089c00000, 0x0000000089c00000, 0x0000000089d00000|  0%| F|  |TAMS 0x0000000089c00000, 0x0000000089c00000| Untracked 
| 157|0x0000000089d00000, 0x0000000089d00000, 0x0000000089e00000|  0%| F|  |TAMS 0x0000000089d00000, 0x0000000089d00000| Untracked 
| 158|0x0000000089e00000, 0x0000000089e00000, 0x0000000089f00000|  0%| F|  |TAMS 0x0000000089e00000, 0x0000000089e00000| Untracked 
| 159|0x0000000089f00000, 0x0000000089f00000, 0x000000008a000000|  0%| F|  |TAMS 0x0000000089f00000, 0x0000000089f00000| Untracked 
| 160|0x000000008a000000, 0x000000008a000000, 0x000000008a100000|  0%| F|  |TAMS 0x000000008a000000, 0x000000008a000000| Untracked 
| 161|0x000000008a100000, 0x000000008a100000, 0x000000008a200000|  0%| F|  |TAMS 0x000000008a100000, 0x000000008a100000| Untracked 
| 162|0x000000008a200000, 0x000000008a200000, 0x000000008a300000|  0%| F|  |TAMS 0x000000008a200000, 0x000000008a200000| Untracked 
| 163|0x000000008a300000, 0x000000008a300000, 0x000000008a400000|  0%| F|  |TAMS 0x000000008a300000, 0x000000008a300000| Untracked 
| 164|0x000000008a400000, 0x000000008a400000, 0x000000008a500000|  0%| F|  |TAMS 0x000000008a400000, 0x000000008a400000| Untracked 
| 165|0x000000008a500000, 0x000000008a500000, 0x000000008a600000|  0%| F|  |TAMS 0x000000008a500000, 0x000000008a500000| Untracked 
| 166|0x000000008a600000, 0x000000008a600000, 0x000000008a700000|  0%| F|  |TAMS 0x000000008a600000, 0x000000008a600000| Untracked 
| 167|0x000000008a700000, 0x000000008a700000, 0x000000008a800000|  0%| F|  |TAMS 0x000000008a700000, 0x000000008a700000| Untracked 
| 168|0x000000008a800000, 0x000000008a800000, 0x000000008a900000|  0%| F|  |TAMS 0x000000008a800000, 0x000000008a800000| Untracked 
| 169|0x000000008a900000, 0x000000008a900000, 0x000000008aa00000|  0%| F|  |TAMS 0x000000008a900000, 0x000000008a900000| Untracked 
| 170|0x000000008aa00000, 0x000000008aa00000, 0x000000008ab00000|  0%| F|  |TAMS 0x000000008aa00000, 0x000000008aa00000| Untracked 
| 171|0x000000008ab00000, 0x000000008ab00000, 0x000000008ac00000|  0%| F|  |TAMS 0x000000008ab00000, 0x000000008ab00000| Untracked 
| 172|0x000000008ac00000, 0x000000008ac00000, 0x000000008ad00000|  0%| F|  |TAMS 0x000000008ac00000, 0x000000008ac00000| Untracked 
| 173|0x000000008ad00000, 0x000000008ad00000, 0x000000008ae00000|  0%| F|  |TAMS 0x000000008ad00000, 0x000000008ad00000| Untracked 
| 174|0x000000008ae00000, 0x000000008ae00000, 0x000000008af00000|  0%| F|  |TAMS 0x000000008ae00000, 0x000000008ae00000| Untracked 
| 175|0x000000008af00000, 0x000000008af00000, 0x000000008b000000|  0%| F|  |TAMS 0x000000008af00000, 0x000000008af00000| Untracked 
| 176|0x000000008b000000, 0x000000008b000000, 0x000000008b100000|  0%| F|  |TAMS 0x000000008b000000, 0x000000008b000000| Untracked 
| 177|0x000000008b100000, 0x000000008b100000, 0x000000008b200000|  0%| F|  |TAMS 0x000000008b100000, 0x000000008b100000| Untracked 
| 178|0x000000008b200000, 0x000000008b200000, 0x000000008b300000|  0%| F|  |TAMS 0x000000008b200000, 0x000000008b200000| Untracked 
| 179|0x000000008b300000, 0x000000008b300000, 0x000000008b400000|  0%| F|  |TAMS 0x000000008b300000, 0x000000008b300000| Untracked 
| 180|0x000000008b400000, 0x000000008b400000, 0x000000008b500000|  0%| F|  |TAMS 0x000000008b400000, 0x000000008b400000| Untracked 
| 181|0x000000008b500000, 0x000000008b500000, 0x000000008b600000|  0%| F|  |TAMS 0x000000008b500000, 0x000000008b500000| Untracked 
| 182|0x000000008b600000, 0x000000008b600000, 0x000000008b700000|  0%| F|  |TAMS 0x000000008b600000, 0x000000008b600000| Untracked 
| 183|0x000000008b700000, 0x000000008b7032f8, 0x000000008b800000|  1%| E|  |TAMS 0x000000008b700000, 0x000000008b700000| Complete 
| 184|0x000000008b800000, 0x000000008b900000, 0x000000008b900000|100%| E|CS|TAMS 0x000000008b800000, 0x000000008b800000| Complete 
| 185|0x000000008b900000, 0x000000008ba00000, 0x000000008ba00000|100%| E|CS|TAMS 0x000000008b900000, 0x000000008b900000| Complete 
| 186|0x000000008ba00000, 0x000000008bb00000, 0x000000008bb00000|100%| E|  |TAMS 0x000000008ba00000, 0x000000008ba00000| Complete 
| 187|0x000000008bb00000, 0x000000008bc00000, 0x000000008bc00000|100%| E|CS|TAMS 0x000000008bb00000, 0x000000008bb00000| Complete 
| 188|0x000000008bc00000, 0x000000008bd00000, 0x000000008bd00000|100%| E|CS|TAMS 0x000000008bc00000, 0x000000008bc00000| Complete 
| 189|0x000000008bd00000, 0x000000008be00000, 0x000000008be00000|100%| E|CS|TAMS 0x000000008bd00000, 0x000000008bd00000| Complete 
| 190|0x000000008be00000, 0x000000008bf00000, 0x000000008bf00000|100%| E|CS|TAMS 0x000000008be00000, 0x000000008be00000| Complete 
| 191|0x000000008bf00000, 0x000000008c000000, 0x000000008c000000|100%| E|CS|TAMS 0x000000008bf00000, 0x000000008bf00000| Complete 
| 192|0x000000008c000000, 0x000000008c100000, 0x000000008c100000|100%| E|CS|TAMS 0x000000008c000000, 0x000000008c000000| Complete 
| 193|0x000000008c100000, 0x000000008c200000, 0x000000008c200000|100%| E|CS|TAMS 0x000000008c100000, 0x000000008c100000| Complete 
| 194|0x000000008c200000, 0x000000008c300000, 0x000000008c300000|100%| E|CS|TAMS 0x000000008c200000, 0x000000008c200000| Complete 
| 195|0x000000008c300000, 0x000000008c400000, 0x000000008c400000|100%| E|CS|TAMS 0x000000008c300000, 0x000000008c300000| Complete 
| 196|0x000000008c400000, 0x000000008c500000, 0x000000008c500000|100%| E|CS|TAMS 0x000000008c400000, 0x000000008c400000| Complete 
| 197|0x000000008c500000, 0x000000008c600000, 0x000000008c600000|100%| E|CS|TAMS 0x000000008c500000, 0x000000008c500000| Complete 
| 198|0x000000008c600000, 0x000000008c700000, 0x000000008c700000|100%| E|CS|TAMS 0x000000008c600000, 0x000000008c600000| Complete 
| 199|0x000000008c700000, 0x000000008c800000, 0x000000008c800000|100%| E|CS|TAMS 0x000000008c700000, 0x000000008c700000| Complete 
| 200|0x000000008c800000, 0x000000008c900000, 0x000000008c900000|100%| E|CS|TAMS 0x000000008c800000, 0x000000008c800000| Complete 
| 201|0x000000008c900000, 0x000000008ca00000, 0x000000008ca00000|100%| E|CS|TAMS 0x000000008c900000, 0x000000008c900000| Complete 
| 202|0x000000008ca00000, 0x000000008cb00000, 0x000000008cb00000|100%| E|CS|TAMS 0x000000008ca00000, 0x000000008ca00000| Complete 
| 203|0x000000008cb00000, 0x000000008cc00000, 0x000000008cc00000|100%| E|CS|TAMS 0x000000008cb00000, 0x000000008cb00000| Complete 
| 204|0x000000008cc00000, 0x000000008cd00000, 0x000000008cd00000|100%| E|CS|TAMS 0x000000008cc00000, 0x000000008cc00000| Complete 
| 205|0x000000008cd00000, 0x000000008ce00000, 0x000000008ce00000|100%| E|CS|TAMS 0x000000008cd00000, 0x000000008cd00000| Complete 
| 206|0x000000008ce00000, 0x000000008cf00000, 0x000000008cf00000|100%| E|CS|TAMS 0x000000008ce00000, 0x000000008ce00000| Complete 
| 207|0x000000008cf00000, 0x000000008cf2a420, 0x000000008d000000| 16%| S|CS|TAMS 0x000000008cf00000, 0x000000008cf00000| Complete 
| 208|0x000000008d000000, 0x000000008d100000, 0x000000008d100000|100%| E|CS|TAMS 0x000000008d000000, 0x000000008d000000| Complete 
| 209|0x000000008d100000, 0x000000008d200000, 0x000000008d200000|100%| E|CS|TAMS 0x000000008d100000, 0x000000008d100000| Complete 
| 210|0x000000008d200000, 0x000000008d300000, 0x000000008d300000|100%| S|CS|TAMS 0x000000008d200000, 0x000000008d200000| Complete 
| 211|0x000000008d300000, 0x000000008d400000, 0x000000008d400000|100%| E|CS|TAMS 0x000000008d300000, 0x000000008d300000| Complete 
| 212|0x000000008d400000, 0x000000008d500000, 0x000000008d500000|100%| E|CS|TAMS 0x000000008d400000, 0x000000008d400000| Complete 
| 213|0x000000008d500000, 0x000000008d600000, 0x000000008d600000|100%| E|CS|TAMS 0x000000008d500000, 0x000000008d500000| Complete 
| 214|0x000000008d600000, 0x000000008d700000, 0x000000008d700000|100%| E|CS|TAMS 0x000000008d600000, 0x000000008d600000| Complete 
| 215|0x000000008d700000, 0x000000008d800000, 0x000000008d800000|100%| E|CS|TAMS 0x000000008d700000, 0x000000008d700000| Complete 
| 216|0x000000008d800000, 0x000000008d900000, 0x000000008d900000|100%| E|CS|TAMS 0x000000008d800000, 0x000000008d800000| Complete 
| 217|0x000000008d900000, 0x000000008da00000, 0x000000008da00000|100%| E|CS|TAMS 0x000000008d900000, 0x000000008d900000| Complete 
| 255|0x000000008ff00000, 0x0000000090000000, 0x0000000090000000|100%| E|CS|TAMS 0x000000008ff00000, 0x000000008ff00000| Complete 

Card table byte_map: [0x000001ef66940000,0x000001ef66d40000] _byte_map_base: 0x000001ef66540000

Marking Bits (Prev, Next): (CMBitMap*) 0x000001ef4fbd56c0, (CMBitMap*) 0x000001ef4fbd5680
 Prev Bits: [0x000001ef69140000, 0x000001ef6b140000)
 Next Bits: [0x000001ef67140000, 0x000001ef69140000)

Polling page: 0x000001ef4f340000

Metaspace:

Usage:
  Non-class:     87.64 MB used.
      Class:     14.12 MB used.
       Both:    101.76 MB used.

Virtual space:
  Non-class space:      128.00 MB reserved,      88.19 MB ( 69%) committed,  2 nodes.
      Class space:      416.00 MB reserved,      14.62 MB (  4%) committed,  1 nodes.
             Both:      544.00 MB reserved,     102.81 MB ( 19%) committed. 

Chunk freelists:
   Non-Class:  7.73 MB
       Class:  1.41 MB
        Both:  9.14 MB

MaxMetaspaceSize: 512.00 MB
CompressedClassSpaceSize: 416.00 MB
Initial GC threshold: 21.00 MB
Current GC threshold: 171.38 MB
CDS: on
MetaspaceReclaimPolicy: balanced
 - commit_granule_bytes: 65536.
 - commit_granule_words: 8192.
 - virtual_space_node_default_size: 8388608.
 - enlarge_chunks_in_place: 1.
 - new_chunks_are_fully_committed: 0.
 - uncommit_free_chunks: 1.
 - use_allocation_guard: 0.
 - handle_deallocations: 1.


Internal statistics:

num_allocs_failed_limit: 6.
num_arena_births: 1388.
num_arena_deaths: 0.
num_vsnodes_births: 3.
num_vsnodes_deaths: 0.
num_space_committed: 1645.
num_space_uncommitted: 0.
num_chunks_returned_to_freelist: 6.
num_chunks_taken_from_freelist: 6038.
num_chunk_merges: 6.
num_chunk_splits: 3922.
num_chunks_enlarged: 2516.
num_inconsistent_stats: 0.

CodeHeap 'non-profiled nmethods': size=120000Kb used=7982Kb max_used=7982Kb free=112017Kb
 bounds [0x000001ef5ef00000, 0x000001ef5f6d0000, 0x000001ef66430000]
CodeHeap 'profiled nmethods': size=120000Kb used=24106Kb max_used=24106Kb free=95893Kb
 bounds [0x000001ef57430000, 0x000001ef58bc0000, 0x000001ef5e960000]
CodeHeap 'non-nmethods': size=5760Kb used=2430Kb max_used=2480Kb free=3329Kb
 bounds [0x000001ef5e960000, 0x000001ef5ebe0000, 0x000001ef5ef00000]
 total_blobs=12955 nmethods=11986 adapters=881
 compilation: enabled
              stopped_count=0, restarted_count=0
 full_count=0

Compilation events (20 events):
Event: 45.127 Thread 0x000001ef6d993b90 nmethod 13584 0x000001ef5f6c6390 code [0x000001ef5f6c6520, 0x000001ef5f6c6a28]
Event: 45.133 Thread 0x000001ef6d993b90 13585       4       com.esotericsoftware.kryo.io.Output::writeLong (162 bytes)
Event: 45.137 Thread 0x000001ef6d993b90 nmethod 13585 0x000001ef5f6c6c10 code [0x000001ef5f6c6da0, 0x000001ef5f6c73c8]
Event: 45.137 Thread 0x000001ef6d993b90 13586       4       org.gradle.internal.serialize.kryo.KryoBackedEncoder::writeLong (9 bytes)
Event: 45.141 Thread 0x000001ef6d993b90 nmethod 13586 0x000001ef5f6c7610 code [0x000001ef5f6c77a0, 0x000001ef5f6c7de8]
Event: 45.149 Thread 0x000001ef6d993b90 13587       4       org.gradle.internal.operations.DefaultBuildOperationListenerManager$1::progress (47 bytes)
Event: 45.154 Thread 0x000001ef6d993b90 nmethod 13587 0x000001ef5f6c8090 code [0x000001ef5f6c8260, 0x000001ef5f6c87e8]
Event: 45.160 Thread 0x000001ef6d993b90 13588       4       java.util.ArrayList$ArrayListSpliterator::forEachRemaining (127 bytes)
Event: 45.163 Thread 0x000001ef6d993b90 nmethod 13588 0x000001ef5f6c8e10 code [0x000001ef5f6c8fa0, 0x000001ef5f6c9278]
Event: 45.163 Thread 0x000001ef6d993b90 13589       4       java.util.Comparator$$Lambda$482/0x000001ef013fc3e0::compare (14 bytes)
Event: 45.168 Thread 0x000001ef6d993b90 nmethod 13589 0x000001ef5f6c9510 code [0x000001ef5f6c96e0, 0x000001ef5f6c9ed8]
Event: 45.219 Thread 0x000001ef6d993b90 13590   !   4       sun.nio.ch.NativeThreadSet::remove (50 bytes)
Event: 45.220 Thread 0x000001ef6d993b90 nmethod 13590 0x000001ef5f6ca610 code [0x000001ef5f6ca7a0, 0x000001ef5f6ca9d8]
Event: 45.225 Thread 0x000001ef6d993b90 13591  s    4       java.io.BufferedOutputStream::write (35 bytes)
Event: 45.225 Thread 0x000001ef6d993b90 nmethod 13591 0x000001ef5f6cab10 code [0x000001ef5f6cac80, 0x000001ef5f6caeb8]
Event: 45.226 Thread 0x000001ef6d993b90 13592  s    4       java.io.BufferedOutputStream::flush (12 bytes)
Event: 45.227 Thread 0x000001ef6d993b90 nmethod 13592 0x000001ef5f6cb010 code [0x000001ef5f6cb1a0, 0x000001ef5f6cb4e8]
Event: 45.235 Thread 0x000001ef6d993b90 13593   !   4       sun.nio.ch.NativeThreadSet::add (155 bytes)
Event: 45.236 Thread 0x000001ef6d993b90 nmethod 13593 0x000001ef5f6cb690 code [0x000001ef5f6cb820, 0x000001ef5f6cba58]
Event: 45.259 Thread 0x000001ef6d993b90 13594       4       org.gradle.cache.internal.btree.FreeListBlockStore::write (16 bytes)

GC Heap History (20 events):
Event: 41.554 GC heap before
{Heap before GC invocations=67 (full 0):
 garbage-first heap   total 152576K, used 133705K [0x0000000080000000, 0x0000000100000000)
  region size 1024K, 9 young (9216K), 2 survivors (2048K)
 Metaspace       used 103132K, committed 104192K, reserved 557056K
  class space    used 14265K, committed 14784K, reserved 425984K
}
Event: 41.556 GC heap after
{Heap after GC invocations=68 (full 0):
 garbage-first heap   total 152576K, used 127927K [0x0000000080000000, 0x0000000100000000)
  region size 1024K, 2 young (2048K), 2 survivors (2048K)
 Metaspace       used 103132K, committed 104192K, reserved 557056K
  class space    used 14265K, committed 14784K, reserved 425984K
}
Event: 41.667 GC heap before
{Heap before GC invocations=68 (full 0):
 garbage-first heap   total 152576K, used 133047K [0x0000000080000000, 0x0000000100000000)
  region size 1024K, 7 young (7168K), 2 survivors (2048K)
 Metaspace       used 103229K, committed 104256K, reserved 557056K
  class space    used 14289K, committed 14784K, reserved 425984K
}
Event: 41.669 GC heap after
{Heap after GC invocations=69 (full 0):
 garbage-first heap   total 152576K, used 128607K [0x0000000080000000, 0x0000000100000000)
  region size 1024K, 1 young (1024K), 1 survivors (1024K)
 Metaspace       used 103229K, committed 104256K, reserved 557056K
  class space    used 14289K, committed 14784K, reserved 425984K
}
Event: 42.026 GC heap before
{Heap before GC invocations=69 (full 0):
 garbage-first heap   total 152576K, used 133727K [0x0000000080000000, 0x0000000100000000)
  region size 1024K, 7 young (7168K), 1 survivors (1024K)
 Metaspace       used 103604K, committed 104640K, reserved 557056K
  class space    used 14353K, committed 14848K, reserved 425984K
}
Event: 42.027 GC heap after
{Heap after GC invocations=70 (full 0):
 garbage-first heap   total 152576K, used 129021K [0x0000000080000000, 0x0000000100000000)
  region size 1024K, 1 young (1024K), 1 survivors (1024K)
 Metaspace       used 103604K, committed 104640K, reserved 557056K
  class space    used 14353K, committed 14848K, reserved 425984K
}
Event: 42.375 GC heap before
{Heap before GC invocations=70 (full 0):
 garbage-first heap   total 152576K, used 134141K [0x0000000080000000, 0x0000000100000000)
  region size 1024K, 7 young (7168K), 1 survivors (1024K)
 Metaspace       used 103998K, committed 105088K, reserved 557056K
  class space    used 14441K, committed 14976K, reserved 425984K
}
Event: 42.377 GC heap after
{Heap after GC invocations=71 (full 0):
 garbage-first heap   total 152576K, used 129699K [0x0000000080000000, 0x0000000100000000)
  region size 1024K, 1 young (1024K), 1 survivors (1024K)
 Metaspace       used 103998K, committed 105088K, reserved 557056K
  class space    used 14441K, committed 14976K, reserved 425984K
}
Event: 42.705 GC heap before
{Heap before GC invocations=71 (full 0):
 garbage-first heap   total 152576K, used 135843K [0x0000000080000000, 0x0000000100000000)
  region size 1024K, 7 young (7168K), 1 survivors (1024K)
 Metaspace       used 104136K, committed 105216K, reserved 557056K
  class space    used 14454K, committed 14976K, reserved 425984K
}
Event: 42.706 GC heap after
{Heap after GC invocations=72 (full 0):
 garbage-first heap   total 152576K, used 130901K [0x0000000080000000, 0x0000000100000000)
  region size 1024K, 1 young (1024K), 1 survivors (1024K)
 Metaspace       used 104136K, committed 105216K, reserved 557056K
  class space    used 14454K, committed 14976K, reserved 425984K
}
Event: 42.901 GC heap before
{Heap before GC invocations=72 (full 0):
 garbage-first heap   total 152576K, used 137045K [0x0000000080000000, 0x0000000100000000)
  region size 1024K, 7 young (7168K), 1 survivors (1024K)
 Metaspace       used 104200K, committed 105280K, reserved 557056K
  class space    used 14456K, committed 14976K, reserved 425984K
}
Event: 42.903 GC heap after
{Heap after GC invocations=73 (full 0):
 garbage-first heap   total 152576K, used 131864K [0x0000000080000000, 0x0000000100000000)
  region size 1024K, 1 young (1024K), 1 survivors (1024K)
 Metaspace       used 104200K, committed 105280K, reserved 557056K
  class space    used 14456K, committed 14976K, reserved 425984K
}
Event: 43.128 GC heap before
{Heap before GC invocations=73 (full 0):
 garbage-first heap   total 152576K, used 136984K [0x0000000080000000, 0x0000000100000000)
  region size 1024K, 7 young (7168K), 1 survivors (1024K)
 Metaspace       used 104202K, committed 105280K, reserved 557056K
  class space    used 14456K, committed 14976K, reserved 425984K
}
Event: 43.129 GC heap after
{Heap after GC invocations=74 (full 0):
 garbage-first heap   total 152576K, used 132818K [0x0000000080000000, 0x0000000100000000)
  region size 1024K, 1 young (1024K), 1 survivors (1024K)
 Metaspace       used 104202K, committed 105280K, reserved 557056K
  class space    used 14456K, committed 14976K, reserved 425984K
}
Event: 43.272 GC heap before
{Heap before GC invocations=74 (full 0):
 garbage-first heap   total 152576K, used 137938K [0x0000000080000000, 0x0000000100000000)
  region size 1024K, 7 young (7168K), 1 survivors (1024K)
 Metaspace       used 104203K, committed 105280K, reserved 557056K
  class space    used 14456K, committed 14976K, reserved 425984K
}
Event: 43.273 GC heap after
{Heap after GC invocations=75 (full 0):
 garbage-first heap   total 152576K, used 133568K [0x0000000080000000, 0x0000000100000000)
  region size 1024K, 1 young (1024K), 1 survivors (1024K)
 Metaspace       used 104203K, committed 105280K, reserved 557056K
  class space    used 14456K, committed 14976K, reserved 425984K
}
Event: 43.816 GC heap before
{Heap before GC invocations=76 (full 0):
 garbage-first heap   total 224256K, used 140736K [0x0000000080000000, 0x0000000100000000)
  region size 1024K, 10 young (10240K), 1 survivors (1024K)
 Metaspace       used 104203K, committed 105280K, reserved 557056K
  class space    used 14456K, committed 14976K, reserved 425984K
}
Event: 43.818 GC heap after
{Heap after GC invocations=77 (full 0):
 garbage-first heap   total 224256K, used 133494K [0x0000000080000000, 0x0000000100000000)
  region size 1024K, 2 young (2048K), 2 survivors (2048K)
 Metaspace       used 104203K, committed 105280K, reserved 557056K
  class space    used 14456K, committed 14976K, reserved 425984K
}
Event: 44.292 GC heap before
{Heap before GC invocations=77 (full 0):
 garbage-first heap   total 224256K, used 140662K [0x0000000080000000, 0x0000000100000000)
  region size 1024K, 10 young (10240K), 2 survivors (2048K)
 Metaspace       used 104203K, committed 105280K, reserved 557056K
  class space    used 14456K, committed 14976K, reserved 425984K
}
Event: 44.295 GC heap after
{Heap after GC invocations=78 (full 0):
 garbage-first heap   total 224256K, used 131312K [0x0000000080000000, 0x0000000100000000)
  region size 1024K, 2 young (2048K), 2 survivors (2048K)
 Metaspace       used 104203K, committed 105280K, reserved 557056K
  class space    used 14456K, committed 14976K, reserved 425984K
}

Deoptimization events (20 events):
Event: 42.723 Thread 0x000001ef73923ba0 Uncommon trap: trap_request=0xffffffbe fr.pc=0x000001ef5f492b28 relative=0x0000000000000268
Event: 42.723 Thread 0x000001ef73923ba0 Uncommon trap: reason=profile_predicate action=maybe_recompile pc=0x000001ef5f492b28 method=java.util.Collections.indexedBinarySearch(Ljava/util/List;Ljava/lang/Object;Ljava/util/Comparator;)I @ 15 c2
Event: 42.723 Thread 0x000001ef73923ba0 DEOPT PACKING pc=0x000001ef5f492b28 sp=0x00000002845f87a0
Event: 42.723 Thread 0x000001ef73923ba0 DEOPT UNPACKING pc=0x000001ef5e9b23a3 sp=0x00000002845f86c0 mode 2
Event: 42.744 Thread 0x000001ef73923ba0 Uncommon trap: trap_request=0xffffffbe fr.pc=0x000001ef5f492b28 relative=0x0000000000000268
Event: 42.744 Thread 0x000001ef73923ba0 Uncommon trap: reason=profile_predicate action=maybe_recompile pc=0x000001ef5f492b28 method=java.util.Collections.indexedBinarySearch(Ljava/util/List;Ljava/lang/Object;Ljava/util/Comparator;)I @ 15 c2
Event: 42.744 Thread 0x000001ef73923ba0 DEOPT PACKING pc=0x000001ef5f492b28 sp=0x00000002845f87a0
Event: 42.744 Thread 0x000001ef73923ba0 DEOPT UNPACKING pc=0x000001ef5e9b23a3 sp=0x00000002845f86c0 mode 2
Event: 42.814 Thread 0x000001ef73923ba0 Uncommon trap: trap_request=0xffffffbe fr.pc=0x000001ef5f492b28 relative=0x0000000000000268
Event: 42.814 Thread 0x000001ef73923ba0 Uncommon trap: reason=profile_predicate action=maybe_recompile pc=0x000001ef5f492b28 method=java.util.Collections.indexedBinarySearch(Ljava/util/List;Ljava/lang/Object;Ljava/util/Comparator;)I @ 15 c2
Event: 42.814 Thread 0x000001ef73923ba0 DEOPT PACKING pc=0x000001ef5f492b28 sp=0x00000002845f8760
Event: 42.814 Thread 0x000001ef73923ba0 DEOPT UNPACKING pc=0x000001ef5e9b23a3 sp=0x00000002845f8680 mode 2
Event: 42.930 Thread 0x000001ef72d36f90 Uncommon trap: trap_request=0xffffff45 fr.pc=0x000001ef5f3dbbc0 relative=0x0000000000000ae0
Event: 42.930 Thread 0x000001ef72d36f90 Uncommon trap: reason=unstable_if action=reinterpret pc=0x000001ef5f3dbbc0 method=java.util.concurrent.ConcurrentLinkedQueue.updateHead(Ljava/util/concurrent/ConcurrentLinkedQueue$Node;Ljava/util/concurrent/ConcurrentLinkedQueue$Node;)V @ 14 c2
Event: 42.930 Thread 0x000001ef72d36f90 DEOPT PACKING pc=0x000001ef5f3dbbc0 sp=0x00000002893fc9a0
Event: 42.930 Thread 0x000001ef72d36f90 DEOPT UNPACKING pc=0x000001ef5e9b23a3 sp=0x00000002893fc878 mode 2
Event: 43.262 Thread 0x000001ef72d3d9e0 Uncommon trap: trap_request=0xffffff45 fr.pc=0x000001ef5f1aa978 relative=0x00000000000004d8
Event: 43.262 Thread 0x000001ef72d3d9e0 Uncommon trap: reason=unstable_if action=reinterpret pc=0x000001ef5f1aa978 method=java.util.concurrent.ConcurrentLinkedQueue.updateHead(Ljava/util/concurrent/ConcurrentLinkedQueue$Node;Ljava/util/concurrent/ConcurrentLinkedQueue$Node;)V @ 14 c2
Event: 43.262 Thread 0x000001ef72d3d9e0 DEOPT PACKING pc=0x000001ef5f1aa978 sp=0x00000002895fc960
Event: 43.262 Thread 0x000001ef72d3d9e0 DEOPT UNPACKING pc=0x000001ef5e9b23a3 sp=0x00000002895fc898 mode 2

Classes unloaded (0 events):
No events

Classes redefined (0 events):
No events

Internal exceptions (20 events):
Event: 41.639 Thread 0x000001ef73923ba0 Exception <a 'java/lang/ClassNotFoundException'{0x000000008932f6c0}: org/gradle/api/internal/artifacts/repositories/AbstractAuthenticationSupportedRepositoryBeanInfo> (0x000000008932f6c0) 
thrown [s\open\src\hotspot\share\classfile\systemDictionary.cpp, line 256]
Event: 41.639 Thread 0x000001ef73923ba0 Exception <a 'java/lang/ClassNotFoundException'{0x000000008934d5a0}: org/gradle/api/internal/artifacts/repositories/AbstractResolutionAwareArtifactRepositoryBeanInfo> (0x000000008934d5a0) 
thrown [s\open\src\hotspot\share\classfile\systemDictionary.cpp, line 256]
Event: 41.640 Thread 0x000001ef73923ba0 Exception <a 'java/lang/ClassNotFoundException'{0x000000008936b8b0}: org/gradle/api/internal/artifacts/repositories/AbstractArtifactRepositoryBeanInfo> (0x000000008936b8b0) 
thrown [s\open\src\hotspot\share\classfile\systemDictionary.cpp, line 256]
Event: 41.640 Thread 0x000001ef73923ba0 Exception <a 'java/lang/ClassNotFoundException'{0x0000000089389300}: org/gradle/api/internal/artifacts/repositories/AbstractArtifactRepositoryCustomizer> (0x0000000089389300) 
thrown [s\open\src\hotspot\share\classfile\systemDictionary.cpp, line 256]
Event: 41.642 Thread 0x000001ef73923ba0 Exception <a 'java/lang/ClassNotFoundException'{0x00000000893c89e8}: org/gradle/api/internal/artifacts/repositories/AbstractResolutionAwareArtifactRepositoryCustomizer> (0x00000000893c89e8) 
thrown [s\open\src\hotspot\share\classfile\systemDictionary.cpp, line 256]
Event: 41.643 Thread 0x000001ef73923ba0 Exception <a 'java/lang/ClassNotFoundException'{0x00000000893f1dd0}: org/gradle/api/internal/artifacts/repositories/AbstractAuthenticationSupportedRepositoryCustomizer> (0x00000000893f1dd0) 
thrown [s\open\src\hotspot\share\classfile\systemDictionary.cpp, line 256]
Event: 41.644 Thread 0x000001ef73923ba0 Exception <a 'java/lang/ClassNotFoundException'{0x0000000089224be0}: org/gradle/api/internal/artifacts/repositories/DefaultMavenArtifactRepositoryCustomizer> (0x0000000089224be0) 
thrown [s\open\src\hotspot\share\classfile\systemDictionary.cpp, line 256]
Event: 41.646 Thread 0x000001ef73923ba0 Exception <a 'java/lang/ClassNotFoundException'{0x000000008925bc20}: org/gradle/api/internal/artifacts/repositories/DefaultMavenArtifactRepository_DecoratedCustomizer> (0x000000008925bc20) 
thrown [s\open\src\hotspot\share\classfile\systemDictionary.cpp, line 256]
Event: 41.648 Thread 0x000001ef73923ba0 Exception <a 'java/lang/ClassNotFoundException'{0x00000000892e1020}: java/io/FileBeanInfo> (0x00000000892e1020) 
thrown [s\open\src\hotspot\share\classfile\systemDictionary.cpp, line 256]
Event: 41.649 Thread 0x000001ef73923ba0 Exception <a 'java/lang/ClassNotFoundException'{0x00000000892edb50}: java/io/FileCustomizer> (0x00000000892edb50) 
thrown [s\open\src\hotspot\share\classfile\systemDictionary.cpp, line 256]
Event: 41.651 Thread 0x000001ef73923ba0 Exception <a 'java/lang/ClassNotFoundException'{0x00000000891ae0e8}: sun/nio/fs/WindowsPathBeanInfo> (0x00000000891ae0e8) 
thrown [s\open\src\hotspot\share\classfile\systemDictionary.cpp, line 256]
Event: 41.652 Thread 0x000001ef73923ba0 Exception <a 'java/lang/ClassNotFoundException'{0x00000000891badb8}: sun/nio/fs/WindowsPathCustomizer> (0x00000000891badb8) 
thrown [s\open\src\hotspot\share\classfile\systemDictionary.cpp, line 256]
Event: 41.656 Thread 0x000001ef73923ba0 Exception <a 'java/lang/ClassNotFoundException'{0x00000000890414b8}: java/nio/file/PathsBeanInfo> (0x00000000890414b8) 
thrown [s\open\src\hotspot\share\classfile\systemDictionary.cpp, line 256]
Event: 41.657 Thread 0x000001ef73923ba0 Exception <a 'java/lang/ClassNotFoundException'{0x000000008904de10}: java/nio/file/PathsCustomizer> (0x000000008904de10) 
thrown [s\open\src\hotspot\share\classfile\systemDictionary.cpp, line 256]
Event: 42.387 Thread 0x000001ef73923ba0 Exception <a 'java/lang/ClassNotFoundException'{0x00000000893630e8}: com/android/build/gradle/internal/api/LibraryVariantOutputImpl_DecoratedBeanInfo> (0x00000000893630e8) 
thrown [s\open\src\hotspot\share\classfile\systemDictionary.cpp, line 256]
Event: 42.387 Thread 0x000001ef73923ba0 Exception <a 'java/lang/ClassNotFoundException'{0x00000000893716b0}: com/android/build/gradle/internal/api/LibraryVariantOutputImplBeanInfo> (0x00000000893716b0) 
thrown [s\open\src\hotspot\share\classfile\systemDictionary.cpp, line 256]
Event: 42.425 Thread 0x000001ef73923ba0 Exception <a 'java/lang/ClassNotFoundException'{0x000000008937f218}: com/android/build/gradle/internal/api/LibraryVariantOutputImplCustomizer> (0x000000008937f218) 
thrown [s\open\src\hotspot\share\classfile\systemDictionary.cpp, line 256]
Event: 42.426 Thread 0x000001ef73923ba0 Exception <a 'java/lang/ClassNotFoundException'{0x0000000089396590}: com/android/build/gradle/internal/api/LibraryVariantOutputImpl_DecoratedCustomizer> (0x0000000089396590) 
thrown [s\open\src\hotspot\share\classfile\systemDictionary.cpp, line 256]
Event: 42.541 Thread 0x000001ef73923ba0 Exception <a 'java/lang/ClassNotFoundException'{0x00000000892e6338}: build_f1knx5anyavnkmnpoz8lmg9k8BeanInfo> (0x00000000892e6338) 
thrown [s\open\src\hotspot\share\classfile\systemDictionary.cpp, line 256]
Event: 42.541 Thread 0x000001ef73923ba0 Exception <a 'java/lang/ClassNotFoundException'{0x00000000892eda68}: build_f1knx5anyavnkmnpoz8lmg9k8Customizer> (0x00000000892eda68) 
thrown [s\open\src\hotspot\share\classfile\systemDictionary.cpp, line 256]

VM Operations (20 events):
Event: 42.026 Executing VM operation: G1CollectForAllocation
Event: 42.027 Executing VM operation: G1CollectForAllocation done
Event: 42.375 Executing VM operation: G1CollectForAllocation
Event: 42.377 Executing VM operation: G1CollectForAllocation done
Event: 42.704 Executing VM operation: G1CollectForAllocation
Event: 42.706 Executing VM operation: G1CollectForAllocation done
Event: 42.901 Executing VM operation: G1CollectForAllocation
Event: 42.903 Executing VM operation: G1CollectForAllocation done
Event: 43.127 Executing VM operation: G1CollectForAllocation
Event: 43.130 Executing VM operation: G1CollectForAllocation done
Event: 43.272 Executing VM operation: G1CollectForAllocation
Event: 43.275 Executing VM operation: G1CollectForAllocation done
Event: 43.339 Executing VM operation: G1Concurrent
Event: 43.343 Executing VM operation: G1Concurrent done
Event: 43.376 Executing VM operation: G1Concurrent
Event: 43.376 Executing VM operation: G1Concurrent done
Event: 43.816 Executing VM operation: G1CollectForAllocation
Event: 43.820 Executing VM operation: G1CollectForAllocation done
Event: 44.292 Executing VM operation: G1CollectForAllocation
Event: 44.295 Executing VM operation: G1CollectForAllocation done

Events (20 events):
Event: 41.649 loading class java/io/FileCustomizer
Event: 41.649 loading class java/io/FileCustomizer done
Event: 41.651 loading class sun/nio/fs/WindowsPathBeanInfo
Event: 41.651 loading class sun/nio/fs/WindowsPathBeanInfo done
Event: 41.651 loading class sun/nio/fs/WindowsPathBeanInfo
Event: 41.651 loading class sun/nio/fs/WindowsPathBeanInfo done
Event: 41.651 loading class sun/nio/fs/WindowsPathCustomizer
Event: 41.651 loading class sun/nio/fs/WindowsPathCustomizer done
Event: 41.652 loading class sun/nio/fs/WindowsPathCustomizer
Event: 41.652 loading class sun/nio/fs/WindowsPathCustomizer done
Event: 41.653 loading class java/nio/file/WatchEvent
Event: 41.653 loading class java/nio/file/WatchEvent done
Event: 41.656 loading class java/nio/file/PathsBeanInfo
Event: 41.656 loading class java/nio/file/PathsBeanInfo done
Event: 41.656 loading class java/nio/file/PathsBeanInfo
Event: 41.656 loading class java/nio/file/PathsBeanInfo done
Event: 41.656 loading class java/nio/file/PathsCustomizer
Event: 41.656 loading class java/nio/file/PathsCustomizer done
Event: 41.657 loading class java/nio/file/PathsCustomizer
Event: 41.657 loading class java/nio/file/PathsCustomizer done


Dynamic libraries:
0x00007ff6ebc90000 - 0x00007ff6ebca0000 	C:\Program Files\Java\jdk-17\bin\java.exe
0x00007ffa6a3d0000 - 0x00007ffa6a5e7000 	C:\WINDOWS\SYSTEM32\ntdll.dll
0x00007ffa69330000 - 0x00007ffa693f4000 	C:\WINDOWS\System32\KERNEL32.DLL
0x00007ffa677d0000 - 0x00007ffa67b87000 	C:\WINDOWS\System32\KERNELBASE.dll
0x00007ffa67fe0000 - 0x00007ffa680f1000 	C:\WINDOWS\System32\ucrtbase.dll
0x00007ffa61860000 - 0x00007ffa61879000 	C:\Program Files\Java\jdk-17\bin\jli.dll
0x00007ffa699a0000 - 0x00007ffa69a52000 	C:\WINDOWS\System32\ADVAPI32.dll
0x00007ffa68220000 - 0x00007ffa682c7000 	C:\WINDOWS\System32\msvcrt.dll
0x00007ffa69a60000 - 0x00007ffa69b08000 	C:\WINDOWS\System32\sechost.dll
0x00007ffa67fb0000 - 0x00007ffa67fd8000 	C:\WINDOWS\System32\bcrypt.dll
0x00007ffa68100000 - 0x00007ffa68214000 	C:\WINDOWS\System32\RPCRT4.dll
0x00007ffa69420000 - 0x00007ffa695cf000 	C:\WINDOWS\System32\USER32.dll
0x00007ffa677a0000 - 0x00007ffa677c6000 	C:\WINDOWS\System32\win32u.dll
0x00007ffa682d0000 - 0x00007ffa682f9000 	C:\WINDOWS\System32\GDI32.dll
0x00007ffa67c00000 - 0x00007ffa67d18000 	C:\WINDOWS\System32\gdi32full.dll
0x00007ffa67da0000 - 0x00007ffa67e3a000 	C:\WINDOWS\System32\msvcp_win.dll
0x00007ffa61750000 - 0x00007ffa6176b000 	C:\Program Files\Java\jdk-17\bin\VCRUNTIME140.dll
0x00007ffa570c0000 - 0x00007ffa57353000 	C:\WINDOWS\WinSxS\amd64_microsoft.windows.common-controls_6595b64144ccf1df_6.0.22621.3672_none_2713b9d173822955\COMCTL32.dll
0x00007ffa60ca0000 - 0x00007ffa60caa000 	C:\WINDOWS\SYSTEM32\VERSION.dll
0x00007ffa69f80000 - 0x00007ffa69fb1000 	C:\WINDOWS\System32\IMM32.DLL
0x00007ffa60870000 - 0x00007ffa6087c000 	C:\Program Files\Java\jdk-17\bin\vcruntime140_1.dll
0x00007ff9fd280000 - 0x00007ff9fd30e000 	C:\Program Files\Java\jdk-17\bin\msvcp140.dll
0x00007ff9c29f0000 - 0x00007ff9c35d0000 	C:\Program Files\Java\jdk-17\bin\server\jvm.dll
0x00007ffa6a020000 - 0x00007ffa6a028000 	C:\WINDOWS\System32\PSAPI.DLL
0x00007ffa402c0000 - 0x00007ffa402c9000 	C:\WINDOWS\SYSTEM32\WSOCK32.dll
0x00007ffa69b70000 - 0x00007ffa69be1000 	C:\WINDOWS\System32\WS2_32.dll
0x00007ffa564e0000 - 0x00007ffa56514000 	C:\WINDOWS\SYSTEM32\WINMM.dll
0x00007ffa66820000 - 0x00007ffa66838000 	C:\WINDOWS\SYSTEM32\kernel.appcore.dll
0x00007ffa4b3e0000 - 0x00007ffa4b3ea000 	C:\Program Files\Java\jdk-17\bin\jimage.dll
0x00007ffa54190000 - 0x00007ffa543c2000 	C:\WINDOWS\SYSTEM32\DBGHELP.DLL
0x00007ffa69bf0000 - 0x00007ffa69f7e000 	C:\WINDOWS\System32\combase.dll
0x00007ffa68dd0000 - 0x00007ffa68ea7000 	C:\WINDOWS\System32\OLEAUT32.dll
0x00007ffa3b620000 - 0x00007ffa3b652000 	C:\WINDOWS\SYSTEM32\dbgcore.DLL
0x00007ffa67d20000 - 0x00007ffa67d9b000 	C:\WINDOWS\System32\bcryptPrimitives.dll
0x00007ffa44410000 - 0x00007ffa4441e000 	C:\Program Files\Java\jdk-17\bin\instrument.dll
0x00007ffa4b370000 - 0x00007ffa4b395000 	C:\Program Files\Java\jdk-17\bin\java.dll
0x00007ff9fbb20000 - 0x00007ff9fbbf7000 	C:\Program Files\Java\jdk-17\bin\jsvml.dll
0x00007ffa68360000 - 0x00007ffa68bc9000 	C:\WINDOWS\System32\SHELL32.dll
0x00007ffa65640000 - 0x00007ffa65f3f000 	C:\WINDOWS\SYSTEM32\windows.storage.dll
0x00007ffa65500000 - 0x00007ffa6563f000 	C:\WINDOWS\SYSTEM32\wintypes.dll
0x00007ffa68cd0000 - 0x00007ffa68dc9000 	C:\WINDOWS\System32\SHCORE.dll
0x00007ffa69b10000 - 0x00007ffa69b6e000 	C:\WINDOWS\System32\shlwapi.dll
0x00007ffa67610000 - 0x00007ffa67637000 	C:\WINDOWS\SYSTEM32\profapi.dll
0x00007ffa46640000 - 0x00007ffa46658000 	C:\Program Files\Java\jdk-17\bin\zip.dll
0x00007ffa4b350000 - 0x00007ffa4b369000 	C:\Program Files\Java\jdk-17\bin\net.dll
0x00007ffa636d0000 - 0x00007ffa63806000 	C:\WINDOWS\SYSTEM32\WINHTTP.dll
0x00007ffa66c90000 - 0x00007ffa66cf9000 	C:\WINDOWS\system32\mswsock.dll
0x00007ffa48050000 - 0x00007ffa48066000 	C:\Program Files\Java\jdk-17\bin\nio.dll
0x00007ffa4af50000 - 0x00007ffa4af60000 	C:\Program Files\Java\jdk-17\bin\verify.dll
0x00007ffa438b0000 - 0x00007ffa438d7000 	C:\Users\INTEL\.gradle\native\1def1411415f61bf3af743bc5b6707747c0891f09f0c88961ee8f79bc544acac\windows-amd64\native-platform.dll
0x00007ff9fd1c0000 - 0x00007ff9fd238000 	C:\Users\INTEL\.gradle\native\0.2.7\x86_64-windows-gnu\gradle-fileevents.dll
0x00007ffa46f70000 - 0x00007ffa46f7a000 	C:\Program Files\Java\jdk-17\bin\management.dll
0x00007ffa46610000 - 0x00007ffa4661b000 	C:\Program Files\Java\jdk-17\bin\management_ext.dll
0x00007ffa66220000 - 0x00007ffa6624d000 	C:\WINDOWS\SYSTEM32\IPHLPAPI.DLL
0x00007ffa69990000 - 0x00007ffa69999000 	C:\WINDOWS\System32\NSI.dll
0x00007ffa63610000 - 0x00007ffa63629000 	C:\WINDOWS\SYSTEM32\dhcpcsvc6.DLL
0x00007ffa635f0000 - 0x00007ffa6360f000 	C:\WINDOWS\SYSTEM32\dhcpcsvc.DLL
0x00007ffa66290000 - 0x00007ffa66392000 	C:\WINDOWS\SYSTEM32\DNSAPI.dll
0x00007ffa66ef0000 - 0x00007ffa66f0b000 	C:\WINDOWS\SYSTEM32\CRYPTSP.dll
0x00007ffa66780000 - 0x00007ffa667b5000 	C:\WINDOWS\system32\rsaenh.dll
0x00007ffa66d80000 - 0x00007ffa66da8000 	C:\WINDOWS\SYSTEM32\USERENV.dll
0x00007ffa66ee0000 - 0x00007ffa66eec000 	C:\WINDOWS\SYSTEM32\CRYPTBASE.dll
0x00007ffa439d0000 - 0x00007ffa439de000 	C:\Program Files\Java\jdk-17\bin\sunmscapi.dll
0x00007ffa67e40000 - 0x00007ffa67fa6000 	C:\WINDOWS\System32\CRYPT32.dll
0x00007ffa67080000 - 0x00007ffa670ad000 	C:\WINDOWS\SYSTEM32\ncrypt.dll
0x00007ffa67040000 - 0x00007ffa67077000 	C:\WINDOWS\SYSTEM32\NTASN1.dll
0x00007ffa4ca10000 - 0x00007ffa4ca18000 	C:\WINDOWS\system32\wshunix.dll
0x00007ffa25b90000 - 0x00007ffa25ba7000 	C:\WINDOWS\system32\napinsp.dll
0x00007ffa25b50000 - 0x00007ffa25b6b000 	C:\WINDOWS\system32\pnrpnsp.dll
0x00007ffa24da0000 - 0x00007ffa24db1000 	C:\WINDOWS\System32\winrnr.dll
0x00007ffa60c00000 - 0x00007ffa60c15000 	C:\WINDOWS\system32\wshbth.dll
0x00007ffa24a10000 - 0x00007ffa24a37000 	C:\WINDOWS\system32\nlansp_c.dll
0x00007ffa5faf0000 - 0x00007ffa5fafa000 	C:\Windows\System32\rasadhlp.dll
0x00007ffa60d40000 - 0x00007ffa60dc3000 	C:\WINDOWS\System32\fwpuclnt.dll

dbghelp: loaded successfully - version: 4.0.5 - missing functions: none
symbol engine: initialized successfully - sym options: 0x614 - pdb path: .;C:\Program Files\Java\jdk-17\bin;C:\WINDOWS\SYSTEM32;C:\WINDOWS\WinSxS\amd64_microsoft.windows.common-controls_6595b64144ccf1df_6.0.22621.3672_none_2713b9d173822955;C:\Program Files\Java\jdk-17\bin\server;C:\Users\INTEL\.gradle\native\1def1411415f61bf3af743bc5b6707747c0891f09f0c88961ee8f79bc544acac\windows-amd64;C:\Users\INTEL\.gradle\native\0.2.7\x86_64-windows-gnu

VM Arguments:
jvm_args: --add-opens=java.base/java.lang=ALL-UNNAMED --add-opens=java.base/java.lang.invoke=ALL-UNNAMED --add-opens=java.base/java.util=ALL-UNNAMED --add-opens=java.prefs/java.util.prefs=ALL-UNNAMED --add-exports=jdk.compiler/com.sun.tools.javac.api=ALL-UNNAMED --add-exports=jdk.compiler/com.sun.tools.javac.util=ALL-UNNAMED --add-opens=java.base/java.util=ALL-UNNAMED --add-opens=java.prefs/java.util.prefs=ALL-UNNAMED --add-opens=java.base/java.nio.charset=ALL-UNNAMED --add-opens=java.base/java.net=ALL-UNNAMED --add-opens=java.base/java.util.concurrent.atomic=ALL-UNNAMED --add-opens=java.xml/javax.xml.namespace=ALL-UNNAMED -XX:MaxMetaspaceSize=512m -Xmx2048m -Dfile.encoding=windows-1252 -Duser.country=US -Duser.language=en -Duser.variant -javaagent:C:\Users\INTEL\.gradle\wrapper\dists\gradle-8.13-bin\5xuhj0ry160q40clulazy9h7d\gradle-8.13\lib\agents\gradle-instrumentation-agent-8.13.jar 
java_command: org.gradle.launcher.daemon.bootstrap.GradleDaemon 8.13
java_class_path (initial): C:\Users\INTEL\.gradle\wrapper\dists\gradle-8.13-bin\5xuhj0ry160q40clulazy9h7d\gradle-8.13\lib\gradle-daemon-main-8.13.jar
Launcher Type: SUN_STANDARD

[Global flags]
     intx CICompilerCount                          = 3                                         {product} {ergonomic}
   size_t CompressedClassSpaceSize                 = 436207616                                 {product} {ergonomic}
     uint ConcGCThreads                            = 2                                         {product} {ergonomic}
     uint G1ConcRefinementThreads                  = 6                                         {product} {ergonomic}
   size_t G1HeapRegionSize                         = 1048576                                   {product} {ergonomic}
    uintx GCDrainStackTargetSize                   = 64                                        {product} {ergonomic}
   size_t InitialHeapSize                          = 268435456                                 {product} {ergonomic}
   size_t MarkStackSize                            = 4194304                                   {product} {ergonomic}
   size_t MaxHeapSize                              = 2147483648                                {product} {command line}
   size_t MaxMetaspaceSize                         = 536870912                                 {product} {command line}
   size_t MaxNewSize                               = 1287651328                                {product} {ergonomic}
   size_t MinHeapDeltaBytes                        = 1048576                                   {product} {ergonomic}
   size_t MinHeapSize                              = 8388608                                   {product} {ergonomic}
    uintx NonNMethodCodeHeapSize                   = 5832780                                {pd product} {ergonomic}
    uintx NonProfiledCodeHeapSize                  = 122912730                              {pd product} {ergonomic}
    uintx ProfiledCodeHeapSize                     = 122912730                              {pd product} {ergonomic}
    uintx ReservedCodeCacheSize                    = 251658240                              {pd product} {ergonomic}
     bool SegmentedCodeCache                       = true                                      {product} {ergonomic}
   size_t SoftMaxHeapSize                          = 2147483648                             {manageable} {ergonomic}
     bool UseCompressedClassPointers               = true                           {product lp64_product} {ergonomic}
     bool UseCompressedOops                        = true                           {product lp64_product} {ergonomic}
     bool UseG1GC                                  = true                                      {product} {ergonomic}
     bool UseLargePagesIndividualAllocation        = false                                  {pd product} {ergonomic}

Logging:
Log output configuration:
 #0: stdout all=warning uptime,level,tags
 #1: stderr all=off uptime,level,tags

Environment Variables:
JAVA_HOME=C:\Program Files\Java\jdk-17
CLASSPATH=C:\Users\INTEL\Documents\React Native\ProductStore\android\\gradle\wrapper\gradle-wrapper.jar
PATH=C:\Users\INTEL\AppData\Local\Temp\xfs-26e7cbdd;C:\Program Files (x86)\Falcon\MinGW\bin;C:\Program Files (x86)\Razer Chroma SDK\bin;C:\Program Files\Razer Chroma SDK\bin;C:\Program Files (x86)\Razer\ChromaBroadcast\bin;C:\Program Files\Razer\ChromaBroadcast\bin;C:\Windows\system32;C:\Windows;C:\Windows\System32\Wbem;C:\Windows\System32\WindowsPowerShell\v1.0\;C:\Windows\System32\OpenSSH\;C:\Program Files\Intel\WiFi\bin\;C:\Program Files\Common Files\Intel\WirelessCommon\;C:\Program Files (x86)\NVIDIA Corporation\PhysX\Common;C:\Program Files\NVIDIA Corporation\NVIDIA NvDLISR;C:\Users\INTEL\AppData\Local\Microsoft\WindowsApps;C:\WINDOWS\system32;C:\WINDOWS;C:\WINDOWS\System32\Wbem;C:\WINDOWS\System32\WindowsPowerShell\v1.0\;C:\WINDOWS\System32\OpenSSH\;C:\Program Files (x86)\Intel\Intel(R) Management Engine Components\DAL;C:\Program Files\Intel\Intel(R) Management Engine Components\DAL;C:\WINDOWS\system32;C:\WINDOWS;C:\WINDOWS\System32\Wbem;C:\WINDOWS\System32\WindowsPowerShell\v1.0\;C:\WINDOWS\System;C:\Users\INTEL\AppData\Local\nvm;C:\nvm4w\nodejs;C:\Program Files\Java\jdk-17\bin;C:\Users\INTEL\AppData\Local\Programs\Microsoft VS Code\bin;C:\Users\INTEL\AppData\Local\GitHubDesktop\bin;C:\Users\INTEL\AppData\Local\JetBrains\Toolbox\scripts;C:\tools\dart-sdk\bin;C:\Users\INTEL\AppData\Local\Pub\Cache\bin;C:\tools\flutter\bin;C:\Users\INTEL\AppData\Local\Android\Sdk\platform-tools
USERNAME=INTEL
OS=Windows_NT
PROCESSOR_IDENTIFIER=Intel64 Family 6 Model 158 Stepping 12, GenuineIntel



---------------  S Y S T E M  ---------------

OS:
 Windows 11 , 64 bit Build 22621 (10.0.22621.3958)
OS uptime: 0 days 8:57 hours
Hyper-V role detected

CPU: total 6 (initial active 6) (6 cores per cpu, 1 threads per core) family 6 model 158 stepping 12 microcode 0xde, cx8, cmov, fxsr, mmx, 3dnowpref, sse, sse2, sse3, ssse3, sse4.1, sse4.2, popcnt, lzcnt, tsc, tscinvbit, avx, avx2, aes, erms, clmul, bmi1, bmi2, rtm, adx, fma, vzeroupper, clflush, clflushopt, hv

Memory: 4k page, system-wide physical 16321M (469M free)
TotalPageFile size 48957M (AvailPageFile size 131M)
current process WorkingSet (physical memory assigned to process): 460M, peak: 460M
current process commit charge ("private bytes"): 537M, peak: 540M

vm_info: Java HotSpot(TM) 64-Bit Server VM (17.0.12+8-LTS-286) for windows-amd64 JRE (17.0.12+8-LTS-286), built on Jun  5 2024 06:46:59 by "mach5one" with MS VC++ 17.6 (VS2022)

END.
